Archive member included to satisfy reference by file (symbol)

C:/Users/amcre/.pico-sdk/toolchain/14_2_Rel1/bin/../lib/gcc/arm-none-eabi/14.2.1/thumb/v6-m/nofp\libgcc.a(_dvmd_tls.o)
                              CMakeFiles/temperatura_rp2040.dir/C_/Users/amcre/.pico-sdk/sdk/2.1.1/src/rp2_common/pico_divider/divider_hardware.S.obj (__aeabi_idiv0)
C:/Users/amcre/.pico-sdk/toolchain/14_2_Rel1/bin/../lib/gcc/arm-none-eabi/14.2.1/thumb/v6-m/nofp\libg.a(libc_a-calloc.o)
                              CMakeFiles/temperatura_rp2040.dir/C_/Users/amcre/.pico-sdk/sdk/2.1.1/src/rp2_common/pico_malloc/malloc.c.obj (calloc)
C:/Users/amcre/.pico-sdk/toolchain/14_2_Rel1/bin/../lib/gcc/arm-none-eabi/14.2.1/thumb/v6-m/nofp\libg.a(libc_a-callocr.o)
                              C:/Users/amcre/.pico-sdk/toolchain/14_2_Rel1/bin/../lib/gcc/arm-none-eabi/14.2.1/thumb/v6-m/nofp\libg.a(libc_a-calloc.o) (_calloc_r)
C:/Users/amcre/.pico-sdk/toolchain/14_2_Rel1/bin/../lib/gcc/arm-none-eabi/14.2.1/thumb/v6-m/nofp\libg.a(libc_a-malloc.o)
                              CMakeFiles/temperatura_rp2040.dir/C_/Users/amcre/.pico-sdk/sdk/2.1.1/src/rp2_common/pico_malloc/malloc.c.obj (malloc)
C:/Users/amcre/.pico-sdk/toolchain/14_2_Rel1/bin/../lib/gcc/arm-none-eabi/14.2.1/thumb/v6-m/nofp\libg.a(libc_a-mallocr.o)
                              C:/Users/amcre/.pico-sdk/toolchain/14_2_Rel1/bin/../lib/gcc/arm-none-eabi/14.2.1/thumb/v6-m/nofp\libg.a(libc_a-callocr.o) (_malloc_r)
C:/Users/amcre/.pico-sdk/toolchain/14_2_Rel1/bin/../lib/gcc/arm-none-eabi/14.2.1/thumb/v6-m/nofp\libg.a(libc_a-mlock.o)
                              C:/Users/amcre/.pico-sdk/toolchain/14_2_Rel1/bin/../lib/gcc/arm-none-eabi/14.2.1/thumb/v6-m/nofp\libg.a(libc_a-mallocr.o) (__malloc_lock)
C:/Users/amcre/.pico-sdk/toolchain/14_2_Rel1/bin/../lib/gcc/arm-none-eabi/14.2.1/thumb/v6-m/nofp\libg.a(libc_a-realloc.o)
                              CMakeFiles/temperatura_rp2040.dir/C_/Users/amcre/.pico-sdk/sdk/2.1.1/src/rp2_common/pico_malloc/malloc.c.obj (realloc)
C:/Users/amcre/.pico-sdk/toolchain/14_2_Rel1/bin/../lib/gcc/arm-none-eabi/14.2.1/thumb/v6-m/nofp\libg.a(libc_a-reallocr.o)
                              C:/Users/amcre/.pico-sdk/toolchain/14_2_Rel1/bin/../lib/gcc/arm-none-eabi/14.2.1/thumb/v6-m/nofp\libg.a(libc_a-realloc.o) (_realloc_r)
C:/Users/amcre/.pico-sdk/toolchain/14_2_Rel1/bin/../lib/gcc/arm-none-eabi/14.2.1/thumb/v6-m/nofp\libg.a(libc_a-memcmp.o)
                              CMakeFiles/temperatura_rp2040.dir/C_/Users/amcre/.pico-sdk/sdk/2.1.1/src/rp2_common/pico_atomic/atomic.c.obj (memcmp)
C:/Users/amcre/.pico-sdk/toolchain/14_2_Rel1/bin/../lib/gcc/arm-none-eabi/14.2.1/thumb/v6-m/nofp\libg.a(libc_a-memmove.o)
                              C:/Users/amcre/.pico-sdk/toolchain/14_2_Rel1/bin/../lib/gcc/arm-none-eabi/14.2.1/thumb/v6-m/nofp\libg.a(libc_a-reallocr.o) (memmove)
C:/Users/amcre/.pico-sdk/toolchain/14_2_Rel1/bin/../lib/gcc/arm-none-eabi/14.2.1/thumb/v6-m/nofp\libg.a(libc_a-lcltime_r.o)
                              CMakeFiles/temperatura_rp2040.dir/C_/Users/amcre/.pico-sdk/sdk/2.1.1/src/common/pico_util/datetime.c.obj (localtime_r)
C:/Users/amcre/.pico-sdk/toolchain/14_2_Rel1/bin/../lib/gcc/arm-none-eabi/14.2.1/thumb/v6-m/nofp\libg.a(libc_a-mktime.o)
                              CMakeFiles/temperatura_rp2040.dir/C_/Users/amcre/.pico-sdk/sdk/2.1.1/src/common/pico_util/datetime.c.obj (mktime)
C:/Users/amcre/.pico-sdk/toolchain/14_2_Rel1/bin/../lib/gcc/arm-none-eabi/14.2.1/thumb/v6-m/nofp\libg.a(libc_a-month_lengths.o)
                              C:/Users/amcre/.pico-sdk/toolchain/14_2_Rel1/bin/../lib/gcc/arm-none-eabi/14.2.1/thumb/v6-m/nofp\libg.a(libc_a-lcltime_r.o) (__month_lengths)
C:/Users/amcre/.pico-sdk/toolchain/14_2_Rel1/bin/../lib/gcc/arm-none-eabi/14.2.1/thumb/v6-m/nofp\libg.a(libc_a-tzcalc_limits.o)
                              C:/Users/amcre/.pico-sdk/toolchain/14_2_Rel1/bin/../lib/gcc/arm-none-eabi/14.2.1/thumb/v6-m/nofp\libg.a(libc_a-lcltime_r.o) (__tzcalc_limits)
C:/Users/amcre/.pico-sdk/toolchain/14_2_Rel1/bin/../lib/gcc/arm-none-eabi/14.2.1/thumb/v6-m/nofp\libg.a(libc_a-tzlock.o)
                              C:/Users/amcre/.pico-sdk/toolchain/14_2_Rel1/bin/../lib/gcc/arm-none-eabi/14.2.1/thumb/v6-m/nofp\libg.a(libc_a-lcltime_r.o) (__tz_lock)
C:/Users/amcre/.pico-sdk/toolchain/14_2_Rel1/bin/../lib/gcc/arm-none-eabi/14.2.1/thumb/v6-m/nofp\libg.a(libc_a-tzset.o)
                              C:/Users/amcre/.pico-sdk/toolchain/14_2_Rel1/bin/../lib/gcc/arm-none-eabi/14.2.1/thumb/v6-m/nofp\libg.a(libc_a-lcltime_r.o) (_tzset_unlocked)
C:/Users/amcre/.pico-sdk/toolchain/14_2_Rel1/bin/../lib/gcc/arm-none-eabi/14.2.1/thumb/v6-m/nofp\libg.a(libc_a-tzset_r.o)
                              C:/Users/amcre/.pico-sdk/toolchain/14_2_Rel1/bin/../lib/gcc/arm-none-eabi/14.2.1/thumb/v6-m/nofp\libg.a(libc_a-tzset.o) (_tzset_unlocked_r)
C:/Users/amcre/.pico-sdk/toolchain/14_2_Rel1/bin/../lib/gcc/arm-none-eabi/14.2.1/thumb/v6-m/nofp\libg.a(libc_a-tzvars.o)
[...]
Memory Configuration

Name             Origin             Length             Attributes
FLASH            0x10000000         0x00200000         xr
RAM              0x20000000         0x00040000         xrw
SCRATCH_X        0x20040000         0x00001000         xrw
SCRATCH_Y        0x20041000         0x00001000         xrw
*default*        0x00000000         0xffffffff

Linker script and memory map

LOAD C:/Users/amcre/.pico-sdk/toolchain/14_2_Rel1/bin/../lib/gcc/arm-none-eabi/14.2.1/thumb/v6-m/nofp/crti.o
LOAD C:/Users/amcre/.pico-sdk/toolchain/14_2_Rel1/bin/../lib/gcc/arm-none-eabi/14.2.1/thumb/v6-m/nofp/crtbegin.o
LOAD C:/Users/amcre/.pico-sdk/toolchain/14_2_Rel1/bin/../lib/gcc/arm-none-eabi/14.2.1/thumb/v6-m/nofp/crt0.o

.flash_begin    0x10000000        0x0
                0x10000000                        __flash_binary_start = .

.boot2          0x10000000      0x100
                0x10000000                        __boot2_start__ = .
 *(.boot2)
 .boot2         0x10000000      0x100 pico-sdk/src/rp2040/boot_stage2/CMakeFiles/bs2_default_library.dir/./bs2_default_padded_checksummed.S.obj
                0x10000100                        __boot2_end__ = .
                0x00000001                        ASSERT (((__boot2_end__ - __boot2_start__) == 0x100), ERROR: Pico second stage bootloader must be 256 bytes in size)

.text           0x10000100     0x658c
                0x10000100                        __logical_binary_start = .
 *(.vectors)
 .vectors       0x10000100       0xd4 CMakeFiles/temperatura_rp2040.dir/C_/Users/amcre/.pico-sdk/sdk/2.1.1/src/rp2_common/pico_crt0/crt0.S.obj
                0x10000100                __VECTOR_TABLE
                0x10000100                __vectors
                0x100001c0                isr_invalid
                0x100001c0                __default_isrs_start
                0x100001c2                isr_nmi
                0x100001c4                isr_hardfault
                0x100001c6                isr_svcall
                0x100001c8                isr_pendsv
                0x100001ca                isr_systick
                0x100001cc                isr_irq23
                0x100001cc                isr_irq18
                0x100001cc                isr_irq11
                0x100001cc                isr_irq28
                0x100001cc                isr_irq19
                0x100001cc                isr_irq0
                0x100001cc                isr_irq6
                0x100001cc                isr_irq5
                0x100001cc                isr_irq12
                0x100001cc                isr_irq22
                0x100001cc                isr_irq31
                0x100001cc                isr_irq17
                0x100001cc                isr_irq27
                0x100001cc                isr_irq30
                0x100001cc                isr_irq2
                0x100001cc                isr_irq10
                0x100001cc                isr_irq8
                0x100001cc                isr_irq24
                0x100001cc                isr_irq1
                0x100001cc                isr_irq7
                0x100001cc                isr_irq21
                0x100001cc                isr_irq20
                0x100001cc                isr_irq15
                0x100001cc                isr_irq25
                0x100001cc                isr_irq13
                0x100001cc                __unhandled_user_irq
                0x100001cc                isr_irq4
                0x100001cc                isr_irq16
                0x100001cc                isr_irq29
                0x100001cc                isr_irq26
                0x100001cc                __default_isrs_end
                0x100001cc                isr_irq3
                0x100001cc                isr_irq14
                0x100001cc                isr_irq9
                0x100001d2                unhandled_user_irq_num_in_r0
 *(.binary_info_header)
 .binary_info_header
                0x100001d4       0x14 CMakeFiles/temperatura_rp2040.dir/C_/Users/amcre/.pico-sdk/sdk/2.1.1/src/rp2_common/pico_crt0/crt0.S.obj
                0x100001e8                        __binary_info_header_end = .
 *(.embedded_block)
                0x100001e8                        __embedded_block_end = .
 *(.reset)
 .reset         0x100001e8       0x9c CMakeFiles/temperatura_rp2040.dir/C_/Users/amcre/.pico-sdk/sdk/2.1.1/src/rp2_common/pico_crt0/crt0.S.obj
                0x100001e8                _entry_point
 *(.init)
 .init          0x10000284        0x4 C:/Users/amcre/.pico-sdk/toolchain/14_2_Rel1/bin/../lib/gcc/arm-none-eabi/14.2.1/thumb/v6-m/nofp/crti.o
                0x10000284                _init
 *(EXCLUDE_FILE(*libm.a: *libc.a:*lib_a-mem*.o *libgcc.a:) .text*)
 .text.register_tm_clones
                0x10000288       0x28 C:/Users/amcre/.pico-sdk/toolchain/14_2_Rel1/bin/../lib/gcc/arm-none-eabi/14.2.1/thumb/v6-m/nofp/crtbegin.o
 .text.frame_dummy
                0x100002b0       0x24 C:/Users/amcre/.pico-sdk/toolchain/14_2_Rel1/bin/../lib/gcc/arm-none-eabi/14.2.1/thumb/v6-m/nofp/crtbegin.o
 .text.startup.main
                0x100002d4       0xac CMakeFiles/temperatura_rp2040.dir/main.c.obj
                0x100002d4                main
 .text.rp2040_chip_version
                0x10000380        0xc CMakeFiles/temperatura_rp2040.dir/C_/Users/amcre/.pico-sdk/sdk/2.1.1/src/rp2040/pico_platform/platform.c.obj
                0x10000380                rp2040_chip_version
 .text.panic    0x1000038c       0x30 CMakeFiles/temperatura_rp2040.dir/C_/Users/amcre/.pico-sdk/sdk/2.1.1/src/rp2_common/pico_platform_panic/panic.c.obj
                0x1000038c                panic
 .text.hw_claim_or_assert
                0x100003bc       0x44 CMakeFiles/temperatura_rp2040.dir/C_/Users/amcre/.pico-sdk/sdk/2.1.1/src/common/hardware_claim/claim.c.obj
                0x100003bc                hw_claim_or_assert
 .text.hw_claim_unused_from_range
                0x10000400       0x88 CMakeFiles/temperatura_rp2040.dir/C_/Users/amcre/.pico-sdk/sdk/2.1.1/src/common/hardware_claim/claim.c.obj
                0x10000400                hw_claim_unused_from_range
 .text.next_striped_spin_lock_num
                0x10000488       0x18 CMakeFiles/temperatura_rp2040.dir/C_/Users/amcre/.pico-sdk/sdk/2.1.1/src/rp2_common/hardware_sync/sync.c.obj
                0x10000488                next_striped_spin_lock_num
 .text.spin_lock_claim_unused
                0x100004a0       0x24 CMakeFiles/temperatura_rp2040.dir/C_/Users/amcre/.pico-sdk/sdk/2.1.1/src/rp2_common/hardware_sync/sync.c.obj
                0x100004a0                spin_lock_claim_unused
 .text.spin_locks_reset
                0x100004c4       0x1c CMakeFiles/temperatura_rp2040.dir/C_/Users/amcre/.pico-sdk/sdk/2.1.1/src/rp2_common/hardware_sync_spin_lock/sync_spin_lock.c.obj
                0x100004c4                spin_locks_reset
 .text.runtime_init_per_core_irq_priorities
                0x100004e0       0x24 CMakeFiles/temperatura_rp2040.dir/C_/Users/amcre/.pico-sdk/sdk/2.1.1/src/rp2_common/hardware_irq/irq.c.obj
                0x100004e0                runtime_init_per_core_irq_priorities
 .text.irq_set_enabled
                0x10000504       0x24 CMakeFiles/temperatura_rp2040.dir/C_/Users/amcre/.pico-sdk/sdk/2.1.1/src/rp2_common/hardware_irq/irq.c.obj
                0x10000504                irq_set_enabled
 .text.irq_is_enabled
                0x10000528       0x18 CMakeFiles/temperatura_rp2040.dir/C_/Users/amcre/.pico-sdk/sdk/2.1.1/src/rp2_common/hardware_irq/irq.c.obj
                0x10000528                irq_is_enabled
 .text.irq_set_pending
                0x10000540       0x10 CMakeFiles/temperatura_rp2040.dir/C_/Users/amcre/.pico-sdk/sdk/2.1.1/src/rp2_common/hardware_irq/irq.c.obj
                0x10000540                irq_set_pending
 .text.irq_has_shared_handler
                0x10000550       0x24 CMakeFiles/temperatura_rp2040.dir/C_/Users/amcre/.pico-sdk/sdk/2.1.1/src/rp2_common/hardware_irq/irq.c.obj
                0x10000550                irq_has_shared_handler
 .text.irq_set_exclusive_handler
                0x10000574       0x54 CMakeFiles/temperatura_rp2040.dir/C_/Users/amcre/.pico-sdk/sdk/2.1.1/src/rp2_common/hardware_irq/irq.c.obj
                0x10000574                irq_set_exclusive_handler
 .text.irq_add_shared_handler
                0x100005c8      0x1f4 CMakeFiles/temperatura_rp2040.dir/C_/Users/amcre/.pico-sdk/sdk/2.1.1/src/rp2_common/hardware_irq/irq.c.obj
                0x100005c8                irq_add_shared_handler
 .text.irq_add_tail_to_free_list
                0x100007bc       0xb4 CMakeFiles/temperatura_rp2040.dir/C_/Users/amcre/.pico-sdk/sdk/2.1.1/src/rp2_common/hardware_irq/irq.c.obj
                0x100007bc                irq_add_tail_to_free_list
 .text.user_irq_claim_unused
                0x10000870       0x2c CMakeFiles/temperatura_rp2040.dir/C_/Users/amcre/.pico-sdk/sdk/2.1.1/src/rp2_common/hardware_irq/irq.c.obj
                0x10000870                user_irq_claim_unused
 .text.lock_init
                0x1000089c       0x10 CMakeFiles/temperatura_rp2040.dir/C_/Users/amcre/.pico-sdk/sdk/2.1.1/src/common/pico_sync/lock_core.c.obj
                0x1000089c                lock_init
 .text.runtime_init_mutex
                0x100008ac       0x50 CMakeFiles/temperatura_rp2040.dir/C_/Users/amcre/.pico-sdk/sdk/2.1.1/src/common/pico_sync/mutex.c.obj
                0x100008ac                runtime_init_mutex
 .text.mutex_init
                0x100008fc       0x1c CMakeFiles/temperatura_rp2040.dir/C_/Users/amcre/.pico-sdk/sdk/2.1.1/src/common/pico_sync/mutex.c.obj
                0x100008fc                mutex_init
 .text.critical_section_init
                0x10000918       0x1c CMakeFiles/temperatura_rp2040.dir/C_/Users/amcre/.pico-sdk/sdk/2.1.1/src/common/pico_sync/critical_section.c.obj
                0x10000918                critical_section_init
 .text.critical_section_init_with_lock_num
                0x10000934       0x14 CMakeFiles/temperatura_rp2040.dir/C_/Users/amcre/.pico-sdk/sdk/2.1.1/src/common/pico_sync/critical_section.c.obj
                0x10000934                critical_section_init_with_lock_num
 .text.sleep_until_callback
                0x10000948       0x30 CMakeFiles/temperatura_rp2040.dir/C_/Users/amcre/.pico-sdk/sdk/2.1.1/src/common/pico_time/time.c.obj
 .text.alarm_pool_irq_handler
                0x10000978      0x300 CMakeFiles/temperatura_rp2040.dir/C_/Users/amcre/.pico-sdk/sdk/2.1.1/src/common/pico_time/time.c.obj
 .text.runtime_init_default_alarm_pool
                0x10000c78       0xdc CMakeFiles/temperatura_rp2040.dir/C_/Users/amcre/.pico-sdk/sdk/2.1.1/src/common/pico_time/time.c.obj
                0x10000c78                runtime_init_default_alarm_pool
 .text.alarm_pool_get_default
                0x10000d54        0x8 CMakeFiles/temperatura_rp2040.dir/C_/Users/amcre/.pico-sdk/sdk/2.1.1/src/common/pico_time/time.c.obj
                0x10000d54                alarm_pool_get_default
 .text.alarm_pool_add_alarm_at
                0x10000d5c       0xd0 CMakeFiles/temperatura_rp2040.dir/C_/Users/amcre/.pico-sdk/sdk/2.1.1/src/common/pico_time/time.c.obj
                0x10000d5c                alarm_pool_add_alarm_at
 .text.alarm_pool_add_alarm_at_force_in_context
                0x10000e2c       0xb0 CMakeFiles/temperatura_rp2040.dir/C_/Users/amcre/.pico-sdk/sdk/2.1.1/src/common/pico_time/time.c.obj
                0x10000e2c                alarm_pool_add_alarm_at_force_in_context
 .text.alarm_pool_cancel_alarm
                0x10000edc       0x74 CMakeFiles/temperatura_rp2040.dir/C_/Users/amcre/.pico-sdk/sdk/2.1.1/src/common/pico_time/time.c.obj
                0x10000edc                alarm_pool_cancel_alarm
 .text.alarm_pool_core_num
                0x10000f50        0x4 CMakeFiles/temperatura_rp2040.dir/C_/Users/amcre/.pico-sdk/sdk/2.1.1/src/common/pico_time/time.c.obj
                0x10000f50                alarm_pool_core_num
 .text.sleep_ms
                0x10000f54       0xfc CMakeFiles/temperatura_rp2040.dir/C_/Users/amcre/.pico-sdk/sdk/2.1.1/src/common/pico_time/time.c.obj
                0x10000f54                sleep_ms
 .text.best_effort_wfe_or_timeout
                0x10001050      0x10c CMakeFiles/temperatura_rp2040.dir/C_/Users/amcre/.pico-sdk/sdk/2.1.1/src/common/pico_time/time.c.obj
                0x10001050                best_effort_wfe_or_timeout
 .text.timer_hardware_alarm_claim
                0x1000115c       0x14 CMakeFiles/temperatura_rp2040.dir/C_/Users/amcre/.pico-sdk/sdk/2.1.1/src/rp2_common/hardware_timer/timer.c.obj
                0x1000115c                timer_hardware_alarm_claim
 .text.timer_time_us_64
                0x10001170       0x10 CMakeFiles/temperatura_rp2040.dir/C_/Users/amcre/.pico-sdk/sdk/2.1.1/src/rp2_common/hardware_timer/timer.c.obj
                0x10001170                timer_time_us_64
 .text.time_us_64
                0x10001180       0x14 CMakeFiles/temperatura_rp2040.dir/C_/Users/amcre/.pico-sdk/sdk/2.1.1/src/rp2_common/hardware_timer/timer.c.obj
                0x10001180                time_us_64
 .text.busy_wait_until
                0x10001194       0x20 CMakeFiles/temperatura_rp2040.dir/C_/Users/amcre/.pico-sdk/sdk/2.1.1/src/rp2_common/hardware_timer/timer.c.obj
                0x10001194                busy_wait_until
 .text.clock_configure_int_divider
                0x100011b4       0xf4 CMakeFiles/temperatura_rp2040.dir/C_/Users/amcre/.pico-sdk/sdk/2.1.1/src/rp2_common/hardware_clocks/clocks.c.obj
                0x100011b4                clock_configure_int_divider
 .text.clock_configure_undivided
                0x100012a8       0xe8 CMakeFiles/temperatura_rp2040.dir/C_/Users/amcre/.pico-sdk/sdk/2.1.1/src/rp2_common/hardware_clocks/clocks.c.obj
                0x100012a8                clock_configure_undivided
 .text.clock_get_hz
                0x10001390        0xc CMakeFiles/temperatura_rp2040.dir/C_/Users/amcre/.pico-sdk/sdk/2.1.1/src/rp2_common/hardware_clocks/clocks.c.obj
                0x10001390                clock_get_hz
 .text.pll_init
                0x1000139c       0xa4 CMakeFiles/temperatura_rp2040.dir/C_/Users/amcre/.pico-sdk/sdk/2.1.1/src/rp2_common/hardware_pll/pll.c.obj
                0x1000139c                pll_init
 .text.watchdog_reboot
                0x10001440       0x9c CMakeFiles/temperatura_rp2040.dir/C_/Users/amcre/.pico-sdk/sdk/2.1.1/src/rp2_common/hardware_watchdog/watchdog.c.obj
                0x10001440                watchdog_reboot
 .text.tick_start
                0x100014dc       0x10 CMakeFiles/temperatura_rp2040.dir/C_/Users/amcre/.pico-sdk/sdk/2.1.1/src/rp2_common/hardware_ticks/ticks.c.obj
                0x100014dc                tick_start
 .text.rom_func_lookup
                0x100014ec       0x10 CMakeFiles/temperatura_rp2040.dir/C_/Users/amcre/.pico-sdk/sdk/2.1.1/src/rp2_common/pico_bootrom/bootrom.c.obj
                0x100014ec                rom_func_lookup
 .text.rom_data_lookup
                0x100014fc       0x10 CMakeFiles/temperatura_rp2040.dir/C_/Users/amcre/.pico-sdk/sdk/2.1.1/src/rp2_common/pico_bootrom/bootrom.c.obj
                0x100014fc                rom_data_lookup
 .text.rom_funcs_lookup
                0x1000150c       0x44 CMakeFiles/temperatura_rp2040.dir/C_/Users/amcre/.pico-sdk/sdk/2.1.1/src/rp2_common/pico_bootrom/bootrom.c.obj
                0x1000150c                rom_funcs_lookup
 .text.rom_reset_usb_boot_extra
                0x10001550       0x24 CMakeFiles/temperatura_rp2040.dir/C_/Users/amcre/.pico-sdk/sdk/2.1.1/src/rp2_common/pico_bootrom/bootrom.c.obj
                0x10001550                rom_reset_usb_boot_extra
 .text.xosc_init
                0x10001574       0x28 CMakeFiles/temperatura_rp2040.dir/C_/Users/amcre/.pico-sdk/sdk/2.1.1/src/rp2_common/hardware_xosc/xosc.c.obj
                0x10001574                xosc_init
 .text.first_per_core_initializer
                0x1000159c        0x4 CMakeFiles/temperatura_rp2040.dir/C_/Users/amcre/.pico-sdk/sdk/2.1.1/src/rp2_common/pico_runtime/runtime.c.obj
 .text.hard_assertion_failure
                0x100015a0        0xc CMakeFiles/temperatura_rp2040.dir/C_/Users/amcre/.pico-sdk/sdk/2.1.1/src/rp2_common/pico_runtime/runtime.c.obj
                0x100015a0                hard_assertion_failure
 .text.runtime_run_initializers
                0x100015ac       0x28 CMakeFiles/temperatura_rp2040.dir/C_/Users/amcre/.pico-sdk/sdk/2.1.1/src/rp2_common/pico_runtime/runtime.c.obj
                0x100015ac                runtime_run_initializers
 .text.runtime_init_early_resets
                0x100015d4       0x2c CMakeFiles/temperatura_rp2040.dir/C_/Users/amcre/.pico-sdk/sdk/2.1.1/src/rp2_common/pico_runtime_init/runtime_init.c.obj
                0x100015d4                runtime_init_early_resets
 .text.runtime_init_usb_power_down
                0x10001600       0x1c CMakeFiles/temperatura_rp2040.dir/C_/Users/amcre/.pico-sdk/sdk/2.1.1/src/rp2_common/pico_runtime_init/runtime_init.c.obj
                0x10001600                runtime_init_usb_power_down
 .text.runtime_init_post_clock_resets
                0x1000161c       0x20 CMakeFiles/temperatura_rp2040.dir/C_/Users/amcre/.pico-sdk/sdk/2.1.1/src/rp2_common/pico_runtime_init/runtime_init.c.obj
                0x1000161c                runtime_init_post_clock_resets
 .text.runtime_init_rp2040_gpio_ie_disable
                0x1000163c       0x14 CMakeFiles/temperatura_rp2040.dir/C_/Users/amcre/.pico-sdk/sdk/2.1.1/src/rp2_common/pico_runtime_init/runtime_init.c.obj
                0x1000163c                runtime_init_rp2040_gpio_ie_disable
 .text.runtime_init_spin_locks_reset
                0x10001650        0x8 CMakeFiles/temperatura_rp2040.dir/C_/Users/amcre/.pico-sdk/sdk/2.1.1/src/rp2_common/pico_runtime_init/runtime_init.c.obj
                0x10001650                runtime_init_spin_locks_reset
 .text.runtime_init_install_ram_vector_table
                0x10001658       0x1c CMakeFiles/temperatura_rp2040.dir/C_/Users/amcre/.pico-sdk/sdk/2.1.1/src/rp2_common/pico_runtime_init/runtime_init.c.obj
                0x10001658                runtime_init_install_ram_vector_table
 .text.runtime_init_clocks
                0x10001674       0xd8 CMakeFiles/temperatura_rp2040.dir/C_/Users/amcre/.pico-sdk/sdk/2.1.1/src/rp2_common/pico_runtime_init/runtime_init_clocks.c.obj
                0x10001674                runtime_init_clocks
 .text          0x1000174c       0x10 CMakeFiles/temperatura_rp2040.dir/C_/Users/amcre/.pico-sdk/sdk/2.1.1/src/rp2_common/pico_bit_ops/bit_ops_aeabi.S.obj
 .text.__wrap___aeabi_idiv
                0x1000175c       0x50 CMakeFiles/temperatura_rp2040.dir/C_/Users/amcre/.pico-sdk/sdk/2.1.1/src/rp2_common/pico_divider/divider_hardware.S.obj
                0x1000175c                __wrap___aeabi_idivmod
                0x1000175c                divmod_s32s32
                0x1000175c                div_s32s32
                0x1000175c                __wrap___aeabi_idiv
                0x10001764                divmod_s32s32_unsafe
                0x10001790                divmod_s32s32_savestate
 .text.__wrap___aeabi_uidiv
                0x100017ac       0x4c CMakeFiles/temperatura_rp2040.dir/C_/Users/amcre/.pico-sdk/sdk/2.1.1/src/rp2_common/pico_divider/divider_hardware.S.obj
                0x100017ac                __wrap___aeabi_uidiv
                0x100017ac                __wrap___aeabi_uidivmod
                0x100017ac                div_u32u32
                0x100017ac                divmod_u32u32
                0x100017b4                divmod_u32u32_unsafe
                0x100017dc                divmod_u32u32_savestate
 .text.__wrap___aeabi_ldiv
                0x100017f8      0x424 CMakeFiles/temperatura_rp2040.dir/C_/Users/amcre/.pico-sdk/sdk/2.1.1/src/rp2_common/pico_divider/divider_hardware.S.obj
                0x100017f8                div_s64s64
                0x100017f8                divmod_s64s64
                0x100017f8                __wrap___aeabi_ldivmod
                0x10001828                divmod_u64u64
                0x10001828                div_u64u64
                0x10001828                __wrap___aeabi_uldivmod
                0x10001838                divmod_u64u64_savestate
                0x10001858                divmod_s64s64_unsafe
                0x100018e0                divmod_u64u64_unsafe
 .text.__wrap___aeabi_darithmetic
                0x10001c1c       0x60 CMakeFiles/temperatura_rp2040.dir/C_/Users/amcre/.pico-sdk/sdk/2.1.1/src/rp2_common/pico_double/double_aeabi_rp2040.S.obj
                0x10001c1c                __wrap___aeabi_drsub
                0x10001c22                __wrap___aeabi_dsub
                0x10001c2c                __wrap___aeabi_dadd
                0x10001c36                __wrap___aeabi_ddiv
                0x10001c6a                __wrap___aeabi_dmul
 .text.__wrap___aeabi_cdcmple
                0x10001c7c       0x6c CMakeFiles/temperatura_rp2040.dir/C_/Users/amcre/.pico-sdk/sdk/2.1.1/src/rp2_common/pico_double/double_aeabi_rp2040.S.obj
                0x10001c7c                __wrap___aeabi_cdrcmple
                0x10001c8c                __wrap___aeabi_cdcmpeq
                0x10001c8c                __wrap___aeabi_cdcmple
 .text.__wrap___aeabi_dcmplt
                0x10001ce8        0xc CMakeFiles/temperatura_rp2040.dir/C_/Users/amcre/.pico-sdk/sdk/2.1.1/src/rp2_common/pico_double/double_aeabi_rp2040.S.obj
                0x10001ce8                __wrap___aeabi_dcmplt
 .text.__wrap___aeabi_dcmple
                0x10001cf4       0x10 CMakeFiles/temperatura_rp2040.dir/C_/Users/amcre/.pico-sdk/sdk/2.1.1/src/rp2_common/pico_double/double_aeabi_rp2040.S.obj
                0x10001cf4                __wrap___aeabi_dcmple
 .text.__wrap___aeabi_dcmpge
                0x10001d04       0x10 CMakeFiles/temperatura_rp2040.dir/C_/Users/amcre/.pico-sdk/sdk/2.1.1/src/rp2_common/pico_double/double_aeabi_rp2040.S.obj
                0x10001d04                __wrap___aeabi_dcmpge
 .text.__wrap___aeabi_dcmpgt
                0x10001d14        0xa CMakeFiles/temperatura_rp2040.dir/C_/Users/amcre/.pico-sdk/sdk/2.1.1/src/rp2_common/pico_double/double_aeabi_rp2040.S.obj
                0x10001d14                __wrap___aeabi_dcmpgt
 .text.__wrap___aeabi_dcmpun
                0x10001d1e       0x18 CMakeFiles/temperatura_rp2040.dir/C_/Users/amcre/.pico-sdk/sdk/2.1.1/src/rp2_common/pico_double/double_aeabi_rp2040.S.obj
                0x10001d1e                __wrap___aeabi_dcmpun
 *fill*         0x10001d36        0x2 
 .text.__wrap___aeabi_i2d
                0x10001d38       0x38 CMakeFiles/temperatura_rp2040.dir/C_/Users/amcre/.pico-sdk/sdk/2.1.1/src/rp2_common/pico_double/double_aeabi_rp2040.S.obj
                0x10001d38                uint2double
                0x10001d38                __wrap___aeabi_ui2d
                0x10001d40                int2double
                0x10001d40                __wrap___aeabi_i2d
 .text.__wrap___aeabi_d2iz
                0x10001d70       0x48 CMakeFiles/temperatura_rp2040.dir/C_/Users/amcre/.pico-sdk/sdk/2.1.1/src/rp2_common/pico_double/double_aeabi_rp2040.S.obj
                0x10001d70                double2int_z
                0x10001d70                __wrap___aeabi_d2iz
 .text.__wrap___aeabi_d2uiz
                0x10001db8       0x10 CMakeFiles/temperatura_rp2040.dir/C_/Users/amcre/.pico-sdk/sdk/2.1.1/src/rp2_common/pico_double/double_aeabi_rp2040.S.obj
                0x10001db8                double2uint
                0x10001db8                __wrap___aeabi_d2uiz
                0x10001db8                double2uint_z
 .text.__wrap___aeabi_d2f
                0x10001dc8       0x10 CMakeFiles/temperatura_rp2040.dir/C_/Users/amcre/.pico-sdk/sdk/2.1.1/src/rp2_common/pico_double/double_aeabi_rp2040.S.obj
                0x10001dc8                __wrap___aeabi_d2f
 .text.missing_double_func_shim
                0x10001dd8        0xc CMakeFiles/temperatura_rp2040.dir/C_/Users/amcre/.pico-sdk/sdk/2.1.1/src/rp2_common/pico_double/double_init_rom_rp2040.c.obj
 .text.__aeabi_double_init
                0x10001de4       0xa0 CMakeFiles/temperatura_rp2040.dir/C_/Users/amcre/.pico-sdk/sdk/2.1.1/src/rp2_common/pico_double/double_init_rom_rp2040.c.obj
                0x10001de4                __aeabi_double_init
 .text.double_table_shim_on_use_helper
                0x10001e84       0x2c CMakeFiles/temperatura_rp2040.dir/C_/Users/amcre/.pico-sdk/sdk/2.1.1/src/rp2_common/pico_double/double_v1_rom_shim_rp2040.S.obj
                0x10001e84                double_table_shim_on_use_helper
 .text.__aeabi_lmul
                0x10001eb0       0x32 CMakeFiles/temperatura_rp2040.dir/C_/Users/amcre/.pico-sdk/sdk/2.1.1/src/rp2_common/pico_int64_ops/pico_int64_ops_aeabi.S.obj
                0x10001eb0                __wrap___aeabi_lmul
 *fill*         0x10001ee2        0x2 
 .text.__wrap___aeabi_farithmetic
                0x10001ee4       0x48 CMakeFiles/temperatura_rp2040.dir/C_/Users/amcre/.pico-sdk/sdk/2.1.1/src/rp2_common/pico_float/float_aeabi_rp2040.S.obj
                0x10001ee4                __wrap___aeabi_frsub
                0x10001eea                __wrap___aeabi_fsub
                0x10001ef0                __wrap___aeabi_fadd
                0x10001ef6                __wrap___aeabi_fdiv
                0x10001f1e                __wrap___aeabi_fmul
 .text.__wrap___aeabi_i2f
                0x10001f2c       0x44 CMakeFiles/temperatura_rp2040.dir/C_/Users/amcre/.pico-sdk/sdk/2.1.1/src/rp2_common/pico_float/float_aeabi_rp2040.S.obj
                0x10001f2c                __wrap___aeabi_i2f
                0x10001f2c                int2float
 .text.__wrap___aeabi_f2d
                0x10001f70        0xc CMakeFiles/temperatura_rp2040.dir/C_/Users/amcre/.pico-sdk/sdk/2.1.1/src/rp2_common/pico_float/float_aeabi_rp2040.S.obj
                0x10001f70                __wrap___aeabi_f2d
 .text.missing_float_func_shim
                0x10001f7c        0xc CMakeFiles/temperatura_rp2040.dir/C_/Users/amcre/.pico-sdk/sdk/2.1.1/src/rp2_common/pico_float/float_init_rom_rp2040.c.obj
 .text.__aeabi_float_init
                0x10001f88       0x5c CMakeFiles/temperatura_rp2040.dir/C_/Users/amcre/.pico-sdk/sdk/2.1.1/src/rp2_common/pico_float/float_init_rom_rp2040.c.obj
                0x10001f88                __aeabi_float_init
 .text          0x10001fe4       0x10 CMakeFiles/temperatura_rp2040.dir/C_/Users/amcre/.pico-sdk/sdk/2.1.1/src/rp2_common/pico_mem_ops/mem_ops_aeabi.S.obj
                0x10001fe4                __aeabi_mem_init
 .text.memset   0x10001ff4        0xc CMakeFiles/temperatura_rp2040.dir/C_/Users/amcre/.pico-sdk/sdk/2.1.1/src/rp2_common/pico_mem_ops/mem_ops_aeabi.S.obj
                0x10001ff4                __wrap_memset
 .text.memcpy   0x10002000        0xc CMakeFiles/temperatura_rp2040.dir/C_/Users/amcre/.pico-sdk/sdk/2.1.1/src/rp2_common/pico_mem_ops/mem_ops_aeabi.S.obj
                0x10002000                __wrap_memcpy
                0x10002000                __wrap___aeabi_memcpy
 .text._out_null
                0x1000200c        0x4 CMakeFiles/temperatura_rp2040.dir/C_/Users/amcre/.pico-sdk/sdk/2.1.1/src/rp2_common/pico_printf/printf.c.obj
 .text._out_rev
                0x10002010       0xac CMakeFiles/temperatura_rp2040.dir/C_/Users/amcre/.pico-sdk/sdk/2.1.1/src/rp2_common/pico_printf/printf.c.obj
 .text._ntoa_format
                0x100020bc      0x1cc CMakeFiles/temperatura_rp2040.dir/C_/Users/amcre/.pico-sdk/sdk/2.1.1/src/rp2_common/pico_printf/printf.c.obj
 .text._out_char
                0x10002288       0x10 CMakeFiles/temperatura_rp2040.dir/C_/Users/amcre/.pico-sdk/sdk/2.1.1/src/rp2_common/pico_printf/printf.c.obj
 .text._out_fct
                0x10002298       0x10 CMakeFiles/temperatura_rp2040.dir/C_/Users/amcre/.pico-sdk/sdk/2.1.1/src/rp2_common/pico_printf/printf.c.obj
 .text._ftoa    0x100022a8      0x4a8 CMakeFiles/temperatura_rp2040.dir/C_/Users/amcre/.pico-sdk/sdk/2.1.1/src/rp2_common/pico_printf/printf.c.obj
 .text._etoa    0x10002750      0x57c CMakeFiles/temperatura_rp2040.dir/C_/Users/amcre/.pico-sdk/sdk/2.1.1/src/rp2_common/pico_printf/printf.c.obj
 .text._vsnprintf
                0x10002ccc      0xbe0 CMakeFiles/temperatura_rp2040.dir/C_/Users/amcre/.pico-sdk/sdk/2.1.1/src/rp2_common/pico_printf/printf.c.obj
 .text.vfctprintf
                0x100038ac       0x24 CMakeFiles/temperatura_rp2040.dir/C_/Users/amcre/.pico-sdk/sdk/2.1.1/src/rp2_common/pico_printf/printf.c.obj
                0x100038ac                vfctprintf
 .text.weak_raw_vprintf
                0x100038d0       0x30 CMakeFiles/temperatura_rp2040.dir/C_/Users/amcre/.pico-sdk/sdk/2.1.1/src/rp2_common/pico_printf/printf.c.obj
                0x100038d0                weak_raw_vprintf
 .text._exit    0x10003900        0x4 CMakeFiles/temperatura_rp2040.dir/C_/Users/amcre/.pico-sdk/sdk/2.1.1/src/rp2_common/pico_clib_interface/newlib_interface.c.obj
                0x10003900                _exit
 .text.exit     0x10003904        0x8 CMakeFiles/temperatura_rp2040.dir/C_/Users/amcre/.pico-sdk/sdk/2.1.1/src/rp2_common/pico_clib_interface/newlib_interface.c.obj
                0x10003904                exit
 .text.runtime_init
                0x1000390c       0x2c CMakeFiles/temperatura_rp2040.dir/C_/Users/amcre/.pico-sdk/sdk/2.1.1/src/rp2_common/pico_clib_interface/newlib_interface.c.obj
                0x1000390c                runtime_init
 .text.stdio_out_chars_no_crlf
                0x10003938       0x10 CMakeFiles/temperatura_rp2040.dir/C_/Users/amcre/.pico-sdk/sdk/2.1.1/src/rp2_common/pico_stdio/stdio.c.obj
 .text.stdio_out_chars_crlf
                0x10003948       0xb0 CMakeFiles/temperatura_rp2040.dir/C_/Users/amcre/.pico-sdk/sdk/2.1.1/src/rp2_common/pico_stdio/stdio.c.obj
 .text.stdio_buffered_printer
                0x100039f8       0x64 CMakeFiles/temperatura_rp2040.dir/C_/Users/amcre/.pico-sdk/sdk/2.1.1/src/rp2_common/pico_stdio/stdio.c.obj
 .text.stdio_put_string
                0x10003a5c       0xfc CMakeFiles/temperatura_rp2040.dir/C_/Users/amcre/.pico-sdk/sdk/2.1.1/src/rp2_common/pico_stdio/stdio.c.obj
                0x10003a5c                stdio_put_string
 .text.stdio_set_driver_enabled
                0x10003b58       0x30 CMakeFiles/temperatura_rp2040.dir/C_/Users/amcre/.pico-sdk/sdk/2.1.1/src/rp2_common/pico_stdio/stdio.c.obj
                0x10003b58                stdio_set_driver_enabled
 .text.stdio_init_all
                0x10003b88        0x8 CMakeFiles/temperatura_rp2040.dir/C_/Users/amcre/.pico-sdk/sdk/2.1.1/src/rp2_common/pico_stdio/stdio.c.obj
                0x10003b88                stdio_init_all
 .text.__wrap_putchar
                0x10003b90       0x94 CMakeFiles/temperatura_rp2040.dir/C_/Users/amcre/.pico-sdk/sdk/2.1.1/src/rp2_common/pico_stdio/stdio.c.obj
                0x10003b90                __wrap_putchar
                0x10003b90                stdio_putchar
 .text.__wrap_puts
                0x10003c24       0x3c CMakeFiles/temperatura_rp2040.dir/C_/Users/amcre/.pico-sdk/sdk/2.1.1/src/rp2_common/pico_stdio/stdio.c.obj
                0x10003c24                stdio_puts
                0x10003c24                __wrap_puts
 .text.__wrap_vprintf
                0x10003c60       0xcc CMakeFiles/temperatura_rp2040.dir/C_/Users/amcre/.pico-sdk/sdk/2.1.1/src/rp2_common/pico_stdio/stdio.c.obj
                0x10003c60                stdio_vprintf
                0x10003c60                __wrap_vprintf
 .text.__wrap_printf
                0x10003d2c       0x18 CMakeFiles/temperatura_rp2040.dir/C_/Users/amcre/.pico-sdk/sdk/2.1.1/src/rp2_common/pico_stdio/stdio.c.obj
                0x10003d2c                __wrap_printf
                0x10003d2c                stdio_printf
 .text.resetd_init
                0x10003d44        0x4 CMakeFiles/temperatura_rp2040.dir/C_/Users/amcre/.pico-sdk/sdk/2.1.1/src/rp2_common/pico_stdio_usb/reset_interface.c.obj
 .text.resetd_reset
                0x10003d48        0xc CMakeFiles/temperatura_rp2040.dir/C_/Users/amcre/.pico-sdk/sdk/2.1.1/src/rp2_common/pico_stdio_usb/reset_interface.c.obj
 .text.resetd_open
                0x10003d54       0x28 CMakeFiles/temperatura_rp2040.dir/C_/Users/amcre/.pico-sdk/sdk/2.1.1/src/rp2_common/pico_stdio_usb/reset_interface.c.obj
 .text.resetd_xfer_cb
                0x10003d7c        0x4 CMakeFiles/temperatura_rp2040.dir/C_/Users/amcre/.pico-sdk/sdk/2.1.1/src/rp2_common/pico_stdio_usb/reset_interface.c.obj
 .text.resetd_control_xfer_cb
                0x10003d80       0x54 CMakeFiles/temperatura_rp2040.dir/C_/Users/amcre/.pico-sdk/sdk/2.1.1/src/rp2_common/pico_stdio_usb/reset_interface.c.obj
 .text.tud_descriptor_bos_cb
                0x10003dd4        0x8 CMakeFiles/temperatura_rp2040.dir/C_/Users/amcre/.pico-sdk/sdk/2.1.1/src/rp2_common/pico_stdio_usb/reset_interface.c.obj
                0x10003dd4                tud_descriptor_bos_cb
 .text.tud_vendor_control_xfer_cb
                0x10003ddc       0x34 CMakeFiles/temperatura_rp2040.dir/C_/Users/amcre/.pico-sdk/sdk/2.1.1/src/rp2_common/pico_stdio_usb/reset_interface.c.obj
                0x10003ddc                tud_vendor_control_xfer_cb
 .text.usbd_app_driver_get_cb
                0x10003e10        0xc CMakeFiles/temperatura_rp2040.dir/C_/Users/amcre/.pico-sdk/sdk/2.1.1/src/rp2_common/pico_stdio_usb/reset_interface.c.obj
                0x10003e10                usbd_app_driver_get_cb
 .text.tud_cdc_line_coding_cb
                0x10003e1c       0x2c CMakeFiles/temperatura_rp2040.dir/C_/Users/amcre/.pico-sdk/sdk/2.1.1/src/rp2_common/pico_stdio_usb/reset_interface.c.obj
                0x10003e1c                tud_cdc_line_coding_cb
 .text.stdio_usb_set_chars_available_callback
                0x10003e48       0x14 CMakeFiles/temperatura_rp2040.dir/C_/Users/amcre/.pico-sdk/sdk/2.1.1/src/rp2_common/pico_stdio_usb/stdio_usb.c.obj
                0x10003e48                stdio_usb_set_chars_available_callback
 .text.usb_irq  0x10003e5c       0x10 CMakeFiles/temperatura_rp2040.dir/C_/Users/amcre/.pico-sdk/sdk/2.1.1/src/rp2_common/pico_stdio_usb/stdio_usb.c.obj
 .text.timer_task
                0x10003e6c       0x64 CMakeFiles/temperatura_rp2040.dir/C_/Users/amcre/.pico-sdk/sdk/2.1.1/src/rp2_common/pico_stdio_usb/stdio_usb.c.obj
 .text.stdio_usb_in_chars
                0x10003ed0       0x8c CMakeFiles/temperatura_rp2040.dir/C_/Users/amcre/.pico-sdk/sdk/2.1.1/src/rp2_common/pico_stdio_usb/stdio_usb.c.obj
                0x10003ed0                stdio_usb_in_chars
 .text.stdio_usb_out_flush
                0x10003f5c       0x4c CMakeFiles/temperatura_rp2040.dir/C_/Users/amcre/.pico-sdk/sdk/2.1.1/src/rp2_common/pico_stdio_usb/stdio_usb.c.obj
 .text.stdio_usb_out_chars
                0x10003fa8      0x100 CMakeFiles/temperatura_rp2040.dir/C_/Users/amcre/.pico-sdk/sdk/2.1.1/src/rp2_common/pico_stdio_usb/stdio_usb.c.obj
 .text.low_priority_worker_irq
                0x100040a8       0xc8 CMakeFiles/temperatura_rp2040.dir/C_/Users/amcre/.pico-sdk/sdk/2.1.1/src/rp2_common/pico_stdio_usb/stdio_usb.c.obj
 .text.stdio_usb_init
                0x10004170       0xe8 CMakeFiles/temperatura_rp2040.dir/C_/Users/amcre/.pico-sdk/sdk/2.1.1/src/rp2_common/pico_stdio_usb/stdio_usb.c.obj
                0x10004170                stdio_usb_init
 .text.tud_descriptor_device_cb
                0x10004258        0x8 CMakeFiles/temperatura_rp2040.dir/C_/Users/amcre/.pico-sdk/sdk/2.1.1/src/rp2_common/pico_stdio_usb/stdio_usb_descriptors.c.obj
                0x10004258                tud_descriptor_device_cb
 .text.tud_descriptor_configuration_cb
                0x10004260        0x8 CMakeFiles/temperatura_rp2040.dir/C_/Users/amcre/.pico-sdk/sdk/2.1.1/src/rp2_common/pico_stdio_usb/stdio_usb_descriptors.c.obj
                0x10004260                tud_descriptor_configuration_cb
 .text.tud_descriptor_string_cb
                0x10004268       0x78 CMakeFiles/temperatura_rp2040.dir/C_/Users/amcre/.pico-sdk/sdk/2.1.1/src/rp2_common/pico_stdio_usb/stdio_usb_descriptors.c.obj
                0x10004268                tud_descriptor_string_cb
 .text.startup._retrieve_unique_id_on_boot
                0x100042e0       0x10 CMakeFiles/temperatura_rp2040.dir/C_/Users/amcre/.pico-sdk/sdk/2.1.1/src/rp2_common/pico_unique_id/unique_id.c.obj
 .text.pico_get_unique_board_id_string
                0x100042f0      0x1a8 CMakeFiles/temperatura_rp2040.dir/C_/Users/amcre/.pico-sdk/sdk/2.1.1/src/rp2_common/pico_unique_id/unique_id.c.obj
                0x100042f0                pico_get_unique_board_id_string
 .text.flash_get_unique_id
                0x10004498       0x3c CMakeFiles/temperatura_rp2040.dir/C_/Users/amcre/.pico-sdk/sdk/2.1.1/src/rp2_common/hardware_flash/flash.c.obj
                0x10004498                flash_get_unique_id
 .text.dcd_init
                0x100044d4       0x90 CMakeFiles/temperatura_rp2040.dir/C_/Users/amcre/.pico-sdk/sdk/2.1.1/lib/tinyusb/src/portable/raspberrypi/rp2040/dcd_rp2040.c.obj
                0x100044d4                dcd_init
 .text.dcd_int_enable
                0x10004564        0xc CMakeFiles/temperatura_rp2040.dir/C_/Users/amcre/.pico-sdk/sdk/2.1.1/lib/tinyusb/src/portable/raspberrypi/rp2040/dcd_rp2040.c.obj
                0x10004564                dcd_int_enable
 .text.dcd_set_address
                0x10004570       0x14 CMakeFiles/temperatura_rp2040.dir/C_/Users/amcre/.pico-sdk/sdk/2.1.1/lib/tinyusb/src/portable/raspberrypi/rp2040/dcd_rp2040.c.obj
                0x10004570                dcd_set_address
 .text.dcd_sof_enable
                0x10004584       0x1c CMakeFiles/temperatura_rp2040.dir/C_/Users/amcre/.pico-sdk/sdk/2.1.1/lib/tinyusb/src/portable/raspberrypi/rp2040/dcd_rp2040.c.obj
                0x10004584                dcd_sof_enable
 .text.dcd_edpt0_status_complete
                0x100045a0       0x1c CMakeFiles/temperatura_rp2040.dir/C_/Users/amcre/.pico-sdk/sdk/2.1.1/lib/tinyusb/src/portable/raspberrypi/rp2040/dcd_rp2040.c.obj
                0x100045a0                dcd_edpt0_status_complete
 .text.dcd_edpt_open
                0x100045bc      0x114 CMakeFiles/temperatura_rp2040.dir/C_/Users/amcre/.pico-sdk/sdk/2.1.1/lib/tinyusb/src/portable/raspberrypi/rp2040/dcd_rp2040.c.obj
                0x100045bc                dcd_edpt_open
 .text.dcd_edpt_close_all
                0x100046d0        0x8 CMakeFiles/temperatura_rp2040.dir/C_/Users/amcre/.pico-sdk/sdk/2.1.1/lib/tinyusb/src/portable/raspberrypi/rp2040/dcd_rp2040.c.obj
                0x100046d0                dcd_edpt_close_all
 .text.dcd_edpt_xfer
                0x100046d8       0x24 CMakeFiles/temperatura_rp2040.dir/C_/Users/amcre/.pico-sdk/sdk/2.1.1/lib/tinyusb/src/portable/raspberrypi/rp2040/dcd_rp2040.c.obj
                0x100046d8                dcd_edpt_xfer
 .text.dcd_edpt_stall
                0x100046fc       0x3c CMakeFiles/temperatura_rp2040.dir/C_/Users/amcre/.pico-sdk/sdk/2.1.1/lib/tinyusb/src/portable/raspberrypi/rp2040/dcd_rp2040.c.obj
                0x100046fc                dcd_edpt_stall
 .text.dcd_edpt_clear_stall
                0x10004738       0x30 CMakeFiles/temperatura_rp2040.dir/C_/Users/amcre/.pico-sdk/sdk/2.1.1/lib/tinyusb/src/portable/raspberrypi/rp2040/dcd_rp2040.c.obj
                0x10004738                dcd_edpt_clear_stall
 .text.rp2040_usb_init
                0x10004768       0x40 CMakeFiles/temperatura_rp2040.dir/C_/Users/amcre/.pico-sdk/sdk/2.1.1/lib/tinyusb/src/portable/raspberrypi/rp2040/rp2040_usb.c.obj
                0x10004768                rp2040_usb_init
 .text.hw_endpoint_xfer_start
                0x100047a8       0x40 CMakeFiles/temperatura_rp2040.dir/C_/Users/amcre/.pico-sdk/sdk/2.1.1/lib/tinyusb/src/portable/raspberrypi/rp2040/rp2040_usb.c.obj
                0x100047a8                hw_endpoint_xfer_start
 .text.tud_event_hook_cb
                0x100047e8        0x4 CMakeFiles/temperatura_rp2040.dir/C_/Users/amcre/.pico-sdk/sdk/2.1.1/lib/tinyusb/src/device/usbd.c.obj
                0x100047e8                tud_event_hook_cb
 .text.tud_sof_cb
                0x100047ec        0x4 CMakeFiles/temperatura_rp2040.dir/C_/Users/amcre/.pico-sdk/sdk/2.1.1/lib/tinyusb/src/device/usbd.c.obj
                0x100047ec                tud_sof_cb
 .text.tud_descriptor_device_qualifier_cb
                0x100047f0        0x4 CMakeFiles/temperatura_rp2040.dir/C_/Users/amcre/.pico-sdk/sdk/2.1.1/lib/tinyusb/src/device/usbd.c.obj
                0x100047f0                tud_descriptor_device_qualifier_cb
 .text.tud_descriptor_other_speed_configuration_cb
                0x100047f4        0x4 CMakeFiles/temperatura_rp2040.dir/C_/Users/amcre/.pico-sdk/sdk/2.1.1/lib/tinyusb/src/device/usbd.c.obj
                0x100047f4                tud_descriptor_other_speed_configuration_cb
 .text.tud_mount_cb
                0x100047f8        0x4 CMakeFiles/temperatura_rp2040.dir/C_/Users/amcre/.pico-sdk/sdk/2.1.1/lib/tinyusb/src/device/usbd.c.obj
                0x100047f8                tud_mount_cb
 .text.tud_umount_cb
                0x100047fc        0x4 CMakeFiles/temperatura_rp2040.dir/C_/Users/amcre/.pico-sdk/sdk/2.1.1/lib/tinyusb/src/device/usbd.c.obj
                0x100047fc                tud_umount_cb
 .text.tud_suspend_cb
                0x10004800        0x4 CMakeFiles/temperatura_rp2040.dir/C_/Users/amcre/.pico-sdk/sdk/2.1.1/lib/tinyusb/src/device/usbd.c.obj
                0x10004800                tud_suspend_cb
 .text.tud_resume_cb
                0x10004804        0x4 CMakeFiles/temperatura_rp2040.dir/C_/Users/amcre/.pico-sdk/sdk/2.1.1/lib/tinyusb/src/device/usbd.c.obj
                0x10004804                tud_resume_cb
 .text.tud_mounted
                0x10004808       0x10 CMakeFiles/temperatura_rp2040.dir/C_/Users/amcre/.pico-sdk/sdk/2.1.1/lib/tinyusb/src/device/usbd.c.obj
                0x10004808                tud_mounted
 .text.tud_suspended
                0x10004818       0x10 CMakeFiles/temperatura_rp2040.dir/C_/Users/amcre/.pico-sdk/sdk/2.1.1/lib/tinyusb/src/device/usbd.c.obj
                0x10004818                tud_suspended
 .text.tud_rhport_init
                0x10004828       0xf4 CMakeFiles/temperatura_rp2040.dir/C_/Users/amcre/.pico-sdk/sdk/2.1.1/lib/tinyusb/src/device/usbd.c.obj
                0x10004828                tud_rhport_init
 .text.tud_task_ext
                0x1000491c      0x800 CMakeFiles/temperatura_rp2040.dir/C_/Users/amcre/.pico-sdk/sdk/2.1.1/lib/tinyusb/src/device/usbd.c.obj
                0x1000491c                tud_task_ext
 .text.usbd_open_edpt_pair
                0x1000511c       0x9c CMakeFiles/temperatura_rp2040.dir/C_/Users/amcre/.pico-sdk/sdk/2.1.1/lib/tinyusb/src/device/usbd.c.obj
                0x1000511c                usbd_open_edpt_pair
 .text.usbd_edpt_open
                0x100051b8       0x34 CMakeFiles/temperatura_rp2040.dir/C_/Users/amcre/.pico-sdk/sdk/2.1.1/lib/tinyusb/src/device/usbd.c.obj
                0x100051b8                usbd_edpt_open
 .text.usbd_edpt_claim
                0x100051ec       0x28 CMakeFiles/temperatura_rp2040.dir/C_/Users/amcre/.pico-sdk/sdk/2.1.1/lib/tinyusb/src/device/usbd.c.obj
                0x100051ec                usbd_edpt_claim
 .text.usbd_edpt_release
                0x10005214       0x28 CMakeFiles/temperatura_rp2040.dir/C_/Users/amcre/.pico-sdk/sdk/2.1.1/lib/tinyusb/src/device/usbd.c.obj
                0x10005214                usbd_edpt_release
 .text.usbd_edpt_xfer
                0x1000523c       0x4c CMakeFiles/temperatura_rp2040.dir/C_/Users/amcre/.pico-sdk/sdk/2.1.1/lib/tinyusb/src/device/usbd.c.obj
                0x1000523c                usbd_edpt_xfer
 .text.tud_control_status
                0x10005288       0x2c CMakeFiles/temperatura_rp2040.dir/C_/Users/amcre/.pico-sdk/sdk/2.1.1/lib/tinyusb/src/device/usbd_control.c.obj
                0x10005288                tud_control_status
 .text.tud_control_xfer
                0x100052b4       0xa8 CMakeFiles/temperatura_rp2040.dir/C_/Users/amcre/.pico-sdk/sdk/2.1.1/lib/tinyusb/src/device/usbd_control.c.obj
                0x100052b4                tud_control_xfer
 .text.usbd_control_reset
                0x1000535c       0x14 CMakeFiles/temperatura_rp2040.dir/C_/Users/amcre/.pico-sdk/sdk/2.1.1/lib/tinyusb/src/device/usbd_control.c.obj
                0x1000535c                usbd_control_reset
 .text.usbd_control_set_complete_callback
                0x10005370        0xc CMakeFiles/temperatura_rp2040.dir/C_/Users/amcre/.pico-sdk/sdk/2.1.1/lib/tinyusb/src/device/usbd_control.c.obj
                0x10005370                usbd_control_set_complete_callback
 .text.usbd_control_set_request
                0x1000537c       0x1c CMakeFiles/temperatura_rp2040.dir/C_/Users/amcre/.pico-sdk/sdk/2.1.1/lib/tinyusb/src/device/usbd_control.c.obj
                0x1000537c                usbd_control_set_request
 .text.usbd_control_xfer_cb
                0x10005398       0xec CMakeFiles/temperatura_rp2040.dir/C_/Users/amcre/.pico-sdk/sdk/2.1.1/lib/tinyusb/src/device/usbd_control.c.obj
                0x10005398                usbd_control_xfer_cb
 .text._prep_out_transaction.isra.0
                0x10005484       0x6c CMakeFiles/temperatura_rp2040.dir/C_/Users/amcre/.pico-sdk/sdk/2.1.1/lib/tinyusb/src/class/cdc/cdc_device.c.obj
 .text.tud_cdc_n_connected
                0x100054f0       0x2c CMakeFiles/temperatura_rp2040.dir/C_/Users/amcre/.pico-sdk/sdk/2.1.1/lib/tinyusb/src/class/cdc/cdc_device.c.obj
                0x100054f0                tud_cdc_n_connected
 .text.tud_cdc_n_available
                0x1000551c       0x14 CMakeFiles/temperatura_rp2040.dir/C_/Users/amcre/.pico-sdk/sdk/2.1.1/lib/tinyusb/src/class/cdc/cdc_device.c.obj
                0x1000551c                tud_cdc_n_available
 .text.tud_cdc_n_read
                0x10005530       0x88 CMakeFiles/temperatura_rp2040.dir/C_/Users/amcre/.pico-sdk/sdk/2.1.1/lib/tinyusb/src/class/cdc/cdc_device.c.obj
                0x10005530                tud_cdc_n_read
 .text.tud_cdc_n_write_flush
                0x100055b8       0x74 CMakeFiles/temperatura_rp2040.dir/C_/Users/amcre/.pico-sdk/sdk/2.1.1/lib/tinyusb/src/class/cdc/cdc_device.c.obj
                0x100055b8                tud_cdc_n_write_flush
 .text.tud_cdc_n_write
                0x1000562c       0x40 CMakeFiles/temperatura_rp2040.dir/C_/Users/amcre/.pico-sdk/sdk/2.1.1/lib/tinyusb/src/class/cdc/cdc_device.c.obj
                0x1000562c                tud_cdc_n_write
 .text.tud_cdc_n_write_available
                0x1000566c       0x14 CMakeFiles/temperatura_rp2040.dir/C_/Users/amcre/.pico-sdk/sdk/2.1.1/lib/tinyusb/src/class/cdc/cdc_device.c.obj
                0x1000566c                tud_cdc_n_write_available
 .text.cdcd_init
                0x10005680       0x70 CMakeFiles/temperatura_rp2040.dir/C_/Users/amcre/.pico-sdk/sdk/2.1.1/lib/tinyusb/src/class/cdc/cdc_device.c.obj
                0x10005680                cdcd_init
 .text.cdcd_deinit
                0x100056f0       0x30 CMakeFiles/temperatura_rp2040.dir/C_/Users/amcre/.pico-sdk/sdk/2.1.1/lib/tinyusb/src/class/cdc/cdc_device.c.obj
                0x100056f0                cdcd_deinit
 .text.cdcd_reset
                0x10005720       0x4c CMakeFiles/temperatura_rp2040.dir/C_/Users/amcre/.pico-sdk/sdk/2.1.1/lib/tinyusb/src/class/cdc/cdc_device.c.obj
                0x10005720                cdcd_reset
 .text.cdcd_open
                0x1000576c       0xa4 CMakeFiles/temperatura_rp2040.dir/C_/Users/amcre/.pico-sdk/sdk/2.1.1/lib/tinyusb/src/class/cdc/cdc_device.c.obj
                0x1000576c                cdcd_open
 .text.cdcd_control_xfer_cb
                0x10005810       0xe8 CMakeFiles/temperatura_rp2040.dir/C_/Users/amcre/.pico-sdk/sdk/2.1.1/lib/tinyusb/src/class/cdc/cdc_device.c.obj
                0x10005810                cdcd_control_xfer_cb
 .text.cdcd_xfer_cb
                0x100058f8      0x100 CMakeFiles/temperatura_rp2040.dir/C_/Users/amcre/.pico-sdk/sdk/2.1.1/lib/tinyusb/src/class/cdc/cdc_device.c.obj
                0x100058f8                cdcd_xfer_cb
 .text.vendord_init
                0x100059f8       0x5c CMakeFiles/temperatura_rp2040.dir/C_/Users/amcre/.pico-sdk/sdk/2.1.1/lib/tinyusb/src/class/vendor/vendor_device.c.obj
                0x100059f8                vendord_init
 .text.vendord_deinit
                0x10005a54       0x1c CMakeFiles/temperatura_rp2040.dir/C_/Users/amcre/.pico-sdk/sdk/2.1.1/lib/tinyusb/src/class/vendor/vendor_device.c.obj
                0x10005a54                vendord_deinit
 .text.vendord_reset
                0x10005a70       0x28 CMakeFiles/temperatura_rp2040.dir/C_/Users/amcre/.pico-sdk/sdk/2.1.1/lib/tinyusb/src/class/vendor/vendor_device.c.obj
                0x10005a70                vendord_reset
 .text.vendord_open
                0x10005a98      0x120 CMakeFiles/temperatura_rp2040.dir/C_/Users/amcre/.pico-sdk/sdk/2.1.1/lib/tinyusb/src/class/vendor/vendor_device.c.obj
                0x10005a98                vendord_open
 .text.vendord_xfer_cb
                0x10005bb8       0x9c CMakeFiles/temperatura_rp2040.dir/C_/Users/amcre/.pico-sdk/sdk/2.1.1/lib/tinyusb/src/class/vendor/vendor_device.c.obj
                0x10005bb8                vendord_xfer_cb
 .text.tusb_rhport_init
                0x10005c54       0x4c CMakeFiles/temperatura_rp2040.dir/C_/Users/amcre/.pico-sdk/sdk/2.1.1/lib/tinyusb/src/tusb.c.obj
                0x10005c54                tusb_rhport_init
 .text.tu_edpt_claim
                0x10005ca0       0x50 CMakeFiles/temperatura_rp2040.dir/C_/Users/amcre/.pico-sdk/sdk/2.1.1/lib/tinyusb/src/tusb.c.obj
                0x10005ca0                tu_edpt_claim
 .text.tu_edpt_release
                0x10005cf0       0x38 CMakeFiles/temperatura_rp2040.dir/C_/Users/amcre/.pico-sdk/sdk/2.1.1/lib/tinyusb/src/tusb.c.obj
                0x10005cf0                tu_edpt_release
 .text.tu_edpt_validate
                0x10005d28       0x7c CMakeFiles/temperatura_rp2040.dir/C_/Users/amcre/.pico-sdk/sdk/2.1.1/lib/tinyusb/src/tusb.c.obj
                0x10005d28                tu_edpt_validate
 .text.tu_edpt_bind_driver
                0x10005da4       0x34 CMakeFiles/temperatura_rp2040.dir/C_/Users/amcre/.pico-sdk/sdk/2.1.1/lib/tinyusb/src/tusb.c.obj
                0x10005da4                tu_edpt_bind_driver
 .text.tu_edpt_stream_init
                0x10005dd8       0x6c CMakeFiles/temperatura_rp2040.dir/C_/Users/amcre/.pico-sdk/sdk/2.1.1/lib/tinyusb/src/tusb.c.obj
                0x10005dd8                tu_edpt_stream_init
 .text.tu_edpt_stream_deinit
                0x10005e44        0x4 CMakeFiles/temperatura_rp2040.dir/C_/Users/amcre/.pico-sdk/sdk/2.1.1/lib/tinyusb/src/tusb.c.obj
                0x10005e44                tu_edpt_stream_deinit
 .text.tu_edpt_stream_write_zlp_if_needed
                0x10005e48       0x68 CMakeFiles/temperatura_rp2040.dir/C_/Users/amcre/.pico-sdk/sdk/2.1.1/lib/tinyusb/src/tusb.c.obj
                0x10005e48                tu_edpt_stream_write_zlp_if_needed
 .text.tu_edpt_stream_write_xfer
                0x10005eb0       0x68 CMakeFiles/temperatura_rp2040.dir/C_/Users/amcre/.pico-sdk/sdk/2.1.1/lib/tinyusb/src/tusb.c.obj
                0x10005eb0                tu_edpt_stream_write_xfer
 .text.tu_edpt_stream_read_xfer
                0x10005f18       0xd8 CMakeFiles/temperatura_rp2040.dir/C_/Users/amcre/.pico-sdk/sdk/2.1.1/lib/tinyusb/src/tusb.c.obj
                0x10005f18                tu_edpt_stream_read_xfer
 .text.tu_fifo_config
                0x10005ff0       0x6c CMakeFiles/temperatura_rp2040.dir/C_/Users/amcre/.pico-sdk/sdk/2.1.1/lib/tinyusb/src/common/tusb_fifo.c.obj
                0x10005ff0                tu_fifo_config
 .text.tu_fifo_count
                0x1000605c       0x2c CMakeFiles/temperatura_rp2040.dir/C_/Users/amcre/.pico-sdk/sdk/2.1.1/lib/tinyusb/src/common/tusb_fifo.c.obj
                0x1000605c                tu_fifo_count
 .text.tu_fifo_empty
                0x10006088       0x10 CMakeFiles/temperatura_rp2040.dir/C_/Users/amcre/.pico-sdk/sdk/2.1.1/lib/tinyusb/src/common/tusb_fifo.c.obj
                0x10006088                tu_fifo_empty
 .text.tu_fifo_remaining
                0x10006098       0x2c CMakeFiles/temperatura_rp2040.dir/C_/Users/amcre/.pico-sdk/sdk/2.1.1/lib/tinyusb/src/common/tusb_fifo.c.obj
                0x10006098                tu_fifo_remaining
 .text.tu_fifo_read
                0x100060c4       0x9c CMakeFiles/temperatura_rp2040.dir/C_/Users/amcre/.pico-sdk/sdk/2.1.1/lib/tinyusb/src/common/tusb_fifo.c.obj
                0x100060c4                tu_fifo_read
 .text.tu_fifo_read_n
                0x10006160       0xe8 CMakeFiles/temperatura_rp2040.dir/C_/Users/amcre/.pico-sdk/sdk/2.1.1/lib/tinyusb/src/common/tusb_fifo.c.obj
                0x10006160                tu_fifo_read_n
 .text.tu_fifo_write
                0x10006248       0xa4 CMakeFiles/temperatura_rp2040.dir/C_/Users/amcre/.pico-sdk/sdk/2.1.1/lib/tinyusb/src/common/tusb_fifo.c.obj
                0x10006248                tu_fifo_write
 .text.tu_fifo_write_n
                0x100062ec      0x178 CMakeFiles/temperatura_rp2040.dir/C_/Users/amcre/.pico-sdk/sdk/2.1.1/lib/tinyusb/src/common/tusb_fifo.c.obj
                0x100062ec                tu_fifo_write_n
 .text.tu_fifo_clear
                0x10006464       0x40 CMakeFiles/temperatura_rp2040.dir/C_/Users/amcre/.pico-sdk/sdk/2.1.1/lib/tinyusb/src/common/tusb_fifo.c.obj
                0x10006464                tu_fifo_clear
 .text.tu_fifo_set_overwritable
                0x100064a4       0x48 CMakeFiles/temperatura_rp2040.dir/C_/Users/amcre/.pico-sdk/sdk/2.1.1/lib/tinyusb/src/common/tusb_fifo.c.obj
                0x100064a4                tu_fifo_set_overwritable
 .text.adc_init
                0x100064ec       0x38 CMakeFiles/temperatura_rp2040.dir/C_/Users/amcre/.pico-sdk/sdk/2.1.1/src/rp2_common/hardware_adc/adc.c.obj
                0x100064ec                adc_init
 .text.strlen   0x10006524       0x5c C:/Users/amcre/.pico-sdk/toolchain/14_2_Rel1/bin/../lib/gcc/arm-none-eabi/14.2.1/thumb/v6-m/nofp\libg.a(libc_a-strlen-stub.o)
                0x10006524                strlen
 *(.fini)
 .fini          0x10006580        0x4 C:/Users/amcre/.pico-sdk/toolchain/14_2_Rel1/bin/../lib/gcc/arm-none-eabi/14.2.1/thumb/v6-m/nofp/crti.o
                0x10006580                _fini
 *fill*         0x10006584        0x4 
 .fini.__stub   0x10006588       0xc0 linker stubs
 *crtbegin.o(.ctors)
 *crtbegin?.o(.ctors)
 *(EXCLUDE_FILE(*crtend.o *crtend?.o) .ctors)
 *(SORT_BY_NAME(.ctors.*))
 *(.ctors)
 *crtbegin.o(.dtors)
 *crtbegin?.o(.dtors)
 *(EXCLUDE_FILE(*crtend.o *crtend?.o) .dtors)
 *(SORT_BY_NAME(.dtors.*))
 *(.dtors)
                0x10006648                        . = ALIGN (0x4)
                0x10006648                        PROVIDE (__preinit_array_start = .)
 *(SORT_BY_NAME(.preinit_array.*))
 .preinit_array.00100
                0x10006648        0x4 CMakeFiles/temperatura_rp2040.dir/C_/Users/amcre/.pico-sdk/sdk/2.1.1/src/rp2_common/pico_runtime_init/runtime_init.c.obj
                0x10006648                __pre_init_runtime_init_early_resets
 .preinit_array.00101
                0x1000664c        0x4 CMakeFiles/temperatura_rp2040.dir/C_/Users/amcre/.pico-sdk/sdk/2.1.1/src/rp2_common/pico_runtime_init/runtime_init.c.obj
                0x1000664c                __pre_init_runtime_init_usb_power_down
 .preinit_array.00275
                0x10006650        0x4 CMakeFiles/temperatura_rp2040.dir/C_/Users/amcre/.pico-sdk/sdk/2.1.1/src/rp2_common/pico_bit_ops/bit_ops_aeabi.S.obj
 .preinit_array.00300
                0x10006654        0x4 CMakeFiles/temperatura_rp2040.dir/C_/Users/amcre/.pico-sdk/sdk/2.1.1/src/rp2_common/pico_mem_ops/mem_ops_aeabi.S.obj
 .preinit_array.00350
                0x10006658        0x4 CMakeFiles/temperatura_rp2040.dir/C_/Users/amcre/.pico-sdk/sdk/2.1.1/src/rp2_common/pico_double/double_aeabi_rp2040.S.obj
 .preinit_array.00350
                0x1000665c        0x4 CMakeFiles/temperatura_rp2040.dir/C_/Users/amcre/.pico-sdk/sdk/2.1.1/src/rp2_common/pico_float/float_aeabi_rp2040.S.obj
 .preinit_array.00500
                0x10006660        0x4 CMakeFiles/temperatura_rp2040.dir/C_/Users/amcre/.pico-sdk/sdk/2.1.1/src/rp2_common/pico_runtime_init/runtime_init.c.obj
                0x10006660                __pre_init_runtime_init_clocks
 .preinit_array.00600
                0x10006664        0x4 CMakeFiles/temperatura_rp2040.dir/C_/Users/amcre/.pico-sdk/sdk/2.1.1/src/rp2_common/pico_runtime_init/runtime_init.c.obj
                0x10006664                __pre_init_runtime_init_post_clock_resets
 .preinit_array.00700
                0x10006668        0x4 CMakeFiles/temperatura_rp2040.dir/C_/Users/amcre/.pico-sdk/sdk/2.1.1/src/rp2_common/pico_runtime_init/runtime_init.c.obj
                0x10006668                __pre_init_runtime_init_rp2040_gpio_ie_disable
 .preinit_array.01000
                0x1000666c        0x4 CMakeFiles/temperatura_rp2040.dir/C_/Users/amcre/.pico-sdk/sdk/2.1.1/src/rp2_common/pico_runtime_init/runtime_init.c.obj
                0x1000666c                __pre_init_runtime_init_spin_locks_reset
 .preinit_array.01100
                0x10006670        0x4 CMakeFiles/temperatura_rp2040.dir/C_/Users/amcre/.pico-sdk/sdk/2.1.1/src/common/pico_sync/mutex.c.obj
                0x10006670                __pre_init_runtime_init_mutex
 .preinit_array.10080
                0x10006674        0x4 CMakeFiles/temperatura_rp2040.dir/C_/Users/amcre/.pico-sdk/sdk/2.1.1/src/rp2_common/pico_runtime_init/runtime_init.c.obj
                0x10006674                __pre_init_runtime_init_install_ram_vector_table
 .preinit_array.11000
                0x10006678        0x4 CMakeFiles/temperatura_rp2040.dir/C_/Users/amcre/.pico-sdk/sdk/2.1.1/src/common/pico_time/time.c.obj
                0x10006678                __pre_init_runtime_init_default_alarm_pool
 .preinit_array.YYYYY
                0x1000667c        0x4 CMakeFiles/temperatura_rp2040.dir/C_/Users/amcre/.pico-sdk/sdk/2.1.1/src/rp2_common/pico_runtime/runtime.c.obj
                0x1000667c                __pre_init_first_per_core_initializer
 .preinit_array.ZZZZZ.01200
                0x10006680        0x4 CMakeFiles/temperatura_rp2040.dir/C_/Users/amcre/.pico-sdk/sdk/2.1.1/src/rp2_common/hardware_irq/irq.c.obj
                0x10006680                __pre_init_runtime_init_per_core_irq_priorities
 *(.preinit_array)
                0x10006684                        PROVIDE (__preinit_array_end = .)
                0x10006684                        . = ALIGN (0x4)
                0x10006684                        PROVIDE (__init_array_start = .)
 *(SORT_BY_NAME(.init_array.*))
 *(.init_array)
 .init_array    0x10006684        0x4 C:/Users/amcre/.pico-sdk/toolchain/14_2_Rel1/bin/../lib/gcc/arm-none-eabi/14.2.1/thumb/v6-m/nofp/crtbegin.o
 .init_array    0x10006688        0x4 CMakeFiles/temperatura_rp2040.dir/C_/Users/amcre/.pico-sdk/sdk/2.1.1/src/rp2_common/pico_unique_id/unique_id.c.obj
                0x1000668c                        PROVIDE (__init_array_end = .)
                0x1000668c                        . = ALIGN (0x4)
                [!provide]                        PROVIDE (__fini_array_start = .)
 *(SORT_BY_NAME(.fini_array.*))
 *(.fini_array)
                [!provide]                        PROVIDE (__fini_array_end = .)
 *(.eh_frame*)
 .eh_frame      0x1000668c        0x0 C:/Users/amcre/.pico-sdk/toolchain/14_2_Rel1/bin/../lib/gcc/arm-none-eabi/14.2.1/thumb/v6-m/nofp/crtbegin.o
                0x1000668c                        . = ALIGN (0x4)

.glue_7         0x1000668c        0x0
 .glue_7        0x1000668c        0x0 linker stubs

.glue_7t        0x1000668c        0x0
 .glue_7t       0x1000668c        0x0 linker stubs

.vfp11_veneer   0x1000668c        0x0
 .vfp11_veneer  0x1000668c        0x0 linker stubs

.v4_bx          0x1000668c        0x0
 .v4_bx         0x1000668c        0x0 linker stubs

.iplt           0x1000668c        0x0
 .iplt          0x1000668c        0x0 C:/Users/amcre/.pico-sdk/toolchain/14_2_Rel1/bin/../lib/gcc/arm-none-eabi/14.2.1/thumb/v6-m/nofp/crtbegin.o

.rodata         0x10006690      0x64c
 *(EXCLUDE_FILE(*libm.a: *libc.a:*lib_a-mem*.o *libgcc.a:) .rodata*)
 .rodata.main.str1.4
                0x10006690      0x1a4 CMakeFiles/temperatura_rp2040.dir/main.c.obj
                                 0x16 (size before relaxing)
 .rodata.panic.str1.4
                0x10006834       0x12 CMakeFiles/temperatura_rp2040.dir/C_/Users/amcre/.pico-sdk/sdk/2.1.1/src/rp2_common/pico_platform_panic/panic.c.obj
 .rodata.spin_lock_claim_unused.str1.4
                0x10006834       0x1b CMakeFiles/temperatura_rp2040.dir/C_/Users/amcre/.pico-sdk/sdk/2.1.1/src/rp2_common/hardware_sync/sync.c.obj
 .rodata.user_irq_claim_unused.str1.4
                0x10006834       0x1b CMakeFiles/temperatura_rp2040.dir/C_/Users/amcre/.pico-sdk/sdk/2.1.1/src/rp2_common/hardware_irq/irq.c.obj
 .rodata.timer_hardware_alarm_claim.str1.4
                0x10006834       0x22 CMakeFiles/temperatura_rp2040.dir/C_/Users/amcre/.pico-sdk/sdk/2.1.1/src/rp2_common/hardware_timer/timer.c.obj
 .rodata.hard_assertion_failure.str1.4
                0x10006834        0xc CMakeFiles/temperatura_rp2040.dir/C_/Users/amcre/.pico-sdk/sdk/2.1.1/src/rp2_common/pico_runtime/runtime.c.obj
 .rodata.missing_double_func_shim.str1.4
                0x10006834       0x18 CMakeFiles/temperatura_rp2040.dir/C_/Users/amcre/.pico-sdk/sdk/2.1.1/src/rp2_common/pico_double/double_init_rom_rp2040.c.obj
 .rodata.missing_float_func_shim.str1.4
                0x10006834        0x1 CMakeFiles/temperatura_rp2040.dir/C_/Users/amcre/.pico-sdk/sdk/2.1.1/src/rp2_common/pico_float/float_init_rom_rp2040.c.obj
 .rodata.str1.4
                0x10006834       0x48 CMakeFiles/temperatura_rp2040.dir/C_/Users/amcre/.pico-sdk/sdk/2.1.1/src/rp2_common/pico_standard_binary_info/standard_binary_info.c.obj
 .rodata.__bi_84
                0x10006834        0xc CMakeFiles/temperatura_rp2040.dir/C_/Users/amcre/.pico-sdk/sdk/2.1.1/src/rp2_common/pico_standard_binary_info/standard_binary_info.c.obj
 .rodata.__bi_78
                0x10006840        0xc CMakeFiles/temperatura_rp2040.dir/C_/Users/amcre/.pico-sdk/sdk/2.1.1/src/rp2_common/pico_standard_binary_info/standard_binary_info.c.obj
 .rodata.__bi_54
                0x1000684c        0xc CMakeFiles/temperatura_rp2040.dir/C_/Users/amcre/.pico-sdk/sdk/2.1.1/src/rp2_common/pico_standard_binary_info/standard_binary_info.c.obj
 .rodata.__bi_48
                0x10006858        0xc CMakeFiles/temperatura_rp2040.dir/C_/Users/amcre/.pico-sdk/sdk/2.1.1/src/rp2_common/pico_standard_binary_info/standard_binary_info.c.obj
 .rodata.__bi_42
                0x10006864        0xc CMakeFiles/temperatura_rp2040.dir/C_/Users/amcre/.pico-sdk/sdk/2.1.1/src/rp2_common/pico_standard_binary_info/standard_binary_info.c.obj
 .rodata.__bi_34
                0x10006870        0xc CMakeFiles/temperatura_rp2040.dir/C_/Users/amcre/.pico-sdk/sdk/2.1.1/src/rp2_common/pico_standard_binary_info/standard_binary_info.c.obj
 .rodata.__bi_26
                0x1000687c        0xc CMakeFiles/temperatura_rp2040.dir/C_/Users/amcre/.pico-sdk/sdk/2.1.1/src/rp2_common/pico_standard_binary_info/standard_binary_info.c.obj
 .rodata._ftoa.str1.4
                0x10006888       0x15 CMakeFiles/temperatura_rp2040.dir/C_/Users/amcre/.pico-sdk/sdk/2.1.1/src/rp2_common/pico_printf/printf.c.obj
 .rodata._vsnprintf
                0x10006888      0x19c CMakeFiles/temperatura_rp2040.dir/C_/Users/amcre/.pico-sdk/sdk/2.1.1/src/rp2_common/pico_printf/printf.c.obj
 *fill*         0x10006a24        0x4 
 .rodata.pow10.0
                0x10006a28       0x50 CMakeFiles/temperatura_rp2040.dir/C_/Users/amcre/.pico-sdk/sdk/2.1.1/src/rp2_common/pico_printf/printf.c.obj
 .rodata.crlf_str.0
                0x10006a78        0x2 CMakeFiles/temperatura_rp2040.dir/C_/Users/amcre/.pico-sdk/sdk/2.1.1/src/rp2_common/pico_stdio/stdio.c.obj
 *fill*         0x10006a7a        0x2 
 .rodata._resetd_driver
                0x10006a7c       0x20 CMakeFiles/temperatura_rp2040.dir/C_/Users/amcre/.pico-sdk/sdk/2.1.1/src/rp2_common/pico_stdio_usb/reset_interface.c.obj
 .rodata.desc_ms_os_20
                0x10006a9c       0xa6 CMakeFiles/temperatura_rp2040.dir/C_/Users/amcre/.pico-sdk/sdk/2.1.1/src/rp2_common/pico_stdio_usb/reset_interface.c.obj
 *fill*         0x10006b42        0x2 
 .rodata.desc_bos
                0x10006b44       0x21 CMakeFiles/temperatura_rp2040.dir/C_/Users/amcre/.pico-sdk/sdk/2.1.1/src/rp2_common/pico_stdio_usb/reset_interface.c.obj
                0x10006b44                desc_bos
 .rodata.str1.4
                0x10006b65       0x13 CMakeFiles/temperatura_rp2040.dir/C_/Users/amcre/.pico-sdk/sdk/2.1.1/src/rp2_common/pico_stdio_usb/stdio_usb.c.obj
 *fill*         0x10006b65        0x3 
 .rodata.__bi_197.0
                0x10006b68        0xc CMakeFiles/temperatura_rp2040.dir/C_/Users/amcre/.pico-sdk/sdk/2.1.1/src/rp2_common/pico_stdio_usb/stdio_usb.c.obj
 .rodata.str1.4
                0x10006b74       0x2a CMakeFiles/temperatura_rp2040.dir/C_/Users/amcre/.pico-sdk/sdk/2.1.1/src/rp2_common/pico_stdio_usb/stdio_usb_descriptors.c.obj
 .rodata.usbd_desc_str
                0x10006b74       0x18 CMakeFiles/temperatura_rp2040.dir/C_/Users/amcre/.pico-sdk/sdk/2.1.1/src/rp2_common/pico_stdio_usb/stdio_usb_descriptors.c.obj
 .rodata.usbd_desc_cfg
                0x10006b8c       0x54 CMakeFiles/temperatura_rp2040.dir/C_/Users/amcre/.pico-sdk/sdk/2.1.1/src/rp2_common/pico_stdio_usb/stdio_usb_descriptors.c.obj
 .rodata.usbd_desc_device
                0x10006be0       0x12 CMakeFiles/temperatura_rp2040.dir/C_/Users/amcre/.pico-sdk/sdk/2.1.1/src/rp2_common/pico_stdio_usb/stdio_usb_descriptors.c.obj
 .rodata.str1.4
                0x10006bf2       0x14 CMakeFiles/temperatura_rp2040.dir/C_/Users/amcre/.pico-sdk/sdk/2.1.1/lib/tinyusb/src/portable/raspberrypi/rp2040/dcd_rp2040.c.obj
 .rodata.str1.4
                0x10006bf2       0x48 CMakeFiles/temperatura_rp2040.dir/C_/Users/amcre/.pico-sdk/sdk/2.1.1/lib/tinyusb/src/portable/raspberrypi/rp2040/rp2040_usb.c.obj
 *fill*         0x10006bf2        0x2 
 .rodata.tud_task_ext
                0x10006bf4       0x8c CMakeFiles/temperatura_rp2040.dir/C_/Users/amcre/.pico-sdk/sdk/2.1.1/lib/tinyusb/src/device/usbd.c.obj
 .rodata        0x10006c80       0x1c CMakeFiles/temperatura_rp2040.dir/C_/Users/amcre/.pico-sdk/sdk/2.1.1/lib/tinyusb/src/device/usbd.c.obj
 .rodata._usbd_driver
                0x10006c9c       0x40 CMakeFiles/temperatura_rp2040.dir/C_/Users/amcre/.pico-sdk/sdk/2.1.1/lib/tinyusb/src/device/usbd.c.obj
                0x10006cdc                        . = ALIGN (0x4)
 *(SORT_BY_ALIGNMENT(SORT_BY_NAME(.flashdata*)))
                0x10006cdc                        . = ALIGN (0x4)

.ARM.extab
 *(.ARM.extab* .gnu.linkonce.armextab.*)
                0x10006cdc                        __exidx_start = .

.ARM.exidx
 *(.ARM.exidx* .gnu.linkonce.armexidx.*)
                0x10006cdc                        __exidx_end = .
                0x10006cdc                        . = ALIGN (0x4)
                0x10006cdc                        __binary_info_start = .

.binary_info    0x10006cdc       0x20
 *(.binary_info.keep.*)
 .binary_info.keep.__bi_ptr84
                0x10006cdc        0x4 CMakeFiles/temperatura_rp2040.dir/C_/Users/amcre/.pico-sdk/sdk/2.1.1/src/rp2_common/pico_standard_binary_info/standard_binary_info.c.obj
 .binary_info.keep.__bi_ptr78
                0x10006ce0        0x4 CMakeFiles/temperatura_rp2040.dir/C_/Users/amcre/.pico-sdk/sdk/2.1.1/src/rp2_common/pico_standard_binary_info/standard_binary_info.c.obj
 .binary_info.keep.__bi_ptr54
                0x10006ce4        0x4 CMakeFiles/temperatura_rp2040.dir/C_/Users/amcre/.pico-sdk/sdk/2.1.1/src/rp2_common/pico_standard_binary_info/standard_binary_info.c.obj
 .binary_info.keep.__bi_ptr48
                0x10006ce8        0x4 CMakeFiles/temperatura_rp2040.dir/C_/Users/amcre/.pico-sdk/sdk/2.1.1/src/rp2_common/pico_standard_binary_info/standard_binary_info.c.obj
 .binary_info.keep.__bi_ptr42
                0x10006cec        0x4 CMakeFiles/temperatura_rp2040.dir/C_/Users/amcre/.pico-sdk/sdk/2.1.1/src/rp2_common/pico_standard_binary_info/standard_binary_info.c.obj
 .binary_info.keep.__bi_ptr34
                0x10006cf0        0x4 CMakeFiles/temperatura_rp2040.dir/C_/Users/amcre/.pico-sdk/sdk/2.1.1/src/rp2_common/pico_standard_binary_info/standard_binary_info.c.obj
 .binary_info.keep.__bi_ptr26
                0x10006cf4        0x4 CMakeFiles/temperatura_rp2040.dir/C_/Users/amcre/.pico-sdk/sdk/2.1.1/src/rp2_common/pico_standard_binary_info/standard_binary_info.c.obj
 *(.binary_info.*)
 .binary_info.__bi_ptr197
                0x10006cf8        0x4 CMakeFiles/temperatura_rp2040.dir/C_/Users/amcre/.pico-sdk/sdk/2.1.1/src/rp2_common/pico_stdio_usb/stdio_usb.c.obj
                0x10006cfc                        __binary_info_end = .

.rel.dyn        0x10006cfc        0x0
 .rel.iplt      0x10006cfc        0x0 C:/Users/amcre/.pico-sdk/toolchain/14_2_Rel1/bin/../lib/gcc/arm-none-eabi/14.2.1/thumb/v6-m/nofp/crtbegin.o
                0x10006cfc                        . = ALIGN (0x4)

.ram_vector_table
                0x20000000       0xc0
 *(.ram_vector_table)
 .ram_vector_table
                0x20000000       0xc0 CMakeFiles/temperatura_rp2040.dir/C_/Users/amcre/.pico-sdk/sdk/2.1.1/src/rp2_common/pico_runtime_init/runtime_init.c.obj
                0x20000000                ram_vector_table

.uninitialized_data
                0x200000c0        0x0
                0x200000c0                        . = ALIGN (0x4)
 *(.uninitialized_data*)

.data           0x200000c0      0xfa0 load address 0x10006cfc
                0x200000c0                        __data_start__ = .
 *(vtable)
 *(.time_critical*)
 .time_critical.mutex_try_enter
                0x200000c0       0x40 CMakeFiles/temperatura_rp2040.dir/C_/Users/amcre/.pico-sdk/sdk/2.1.1/src/common/pico_sync/mutex.c.obj
                0x200000c0                mutex_try_enter
 .time_critical.mutex_try_enter_block_until
                0x20000100       0x98 CMakeFiles/temperatura_rp2040.dir/C_/Users/amcre/.pico-sdk/sdk/2.1.1/src/common/pico_sync/mutex.c.obj
                0x20000100                mutex_try_enter_block_until
 .time_critical.mutex_enter_timeout_ms
                0x20000198       0x8c CMakeFiles/temperatura_rp2040.dir/C_/Users/amcre/.pico-sdk/sdk/2.1.1/src/common/pico_sync/mutex.c.obj
                0x20000198                mutex_enter_timeout_ms
 .time_critical.mutex_exit
                0x20000224       0x28 CMakeFiles/temperatura_rp2040.dir/C_/Users/amcre/.pico-sdk/sdk/2.1.1/src/common/pico_sync/mutex.c.obj
                0x20000224                mutex_exit
 .time_critical.flash_init_boot2_copyout
                0x2000024c       0x30 CMakeFiles/temperatura_rp2040.dir/C_/Users/amcre/.pico-sdk/sdk/2.1.1/src/rp2_common/hardware_flash/flash.c.obj
 .time_critical.flash_enable_xip_via_boot2
                0x2000027c        0xc CMakeFiles/temperatura_rp2040.dir/C_/Users/amcre/.pico-sdk/sdk/2.1.1/src/rp2_common/hardware_flash/flash.c.obj
 .time_critical.flash_cs_force
                0x20000288       0x38 CMakeFiles/temperatura_rp2040.dir/C_/Users/amcre/.pico-sdk/sdk/2.1.1/src/rp2_common/hardware_flash/flash.c.obj
 .time_critical.flash_do_cmd
                0x200002c0      0x130 CMakeFiles/temperatura_rp2040.dir/C_/Users/amcre/.pico-sdk/sdk/2.1.1/src/rp2_common/hardware_flash/flash.c.obj
                0x200002c0                flash_do_cmd
 .time_critical.reset_non_control_endpoints
                0x200003f0       0x68 CMakeFiles/temperatura_rp2040.dir/C_/Users/amcre/.pico-sdk/sdk/2.1.1/lib/tinyusb/src/portable/raspberrypi/rp2040/dcd_rp2040.c.obj
 .time_critical.hw_handle_buff_status
                0x20000458       0xa0 CMakeFiles/temperatura_rp2040.dir/C_/Users/amcre/.pico-sdk/sdk/2.1.1/lib/tinyusb/src/portable/raspberrypi/rp2040/dcd_rp2040.c.obj
 .time_critical.dcd_rp2040_irq
                0x200004f8      0x548 CMakeFiles/temperatura_rp2040.dir/C_/Users/amcre/.pico-sdk/sdk/2.1.1/lib/tinyusb/src/portable/raspberrypi/rp2040/dcd_rp2040.c.obj
 .time_critical.prepare_ep_buffer
                0x20000a40       0xc8 CMakeFiles/temperatura_rp2040.dir/C_/Users/amcre/.pico-sdk/sdk/2.1.1/lib/tinyusb/src/portable/raspberrypi/rp2040/rp2040_usb.c.obj
 .time_critical.sync_ep_buffer
                0x20000b08       0x9c CMakeFiles/temperatura_rp2040.dir/C_/Users/amcre/.pico-sdk/sdk/2.1.1/lib/tinyusb/src/portable/raspberrypi/rp2040/rp2040_usb.c.obj
 .time_critical._hw_endpoint_xfer_sync
                0x20000ba4       0x28 CMakeFiles/temperatura_rp2040.dir/C_/Users/amcre/.pico-sdk/sdk/2.1.1/lib/tinyusb/src/portable/raspberrypi/rp2040/rp2040_usb.c.obj
 .time_critical.e15_is_bulkin_ep
                0x20000bcc       0x28 CMakeFiles/temperatura_rp2040.dir/C_/Users/amcre/.pico-sdk/sdk/2.1.1/lib/tinyusb/src/portable/raspberrypi/rp2040/rp2040_usb.c.obj
 .time_critical.e15_is_critical_frame_period
                0x20000bf4       0x34 CMakeFiles/temperatura_rp2040.dir/C_/Users/amcre/.pico-sdk/sdk/2.1.1/lib/tinyusb/src/portable/raspberrypi/rp2040/rp2040_usb.c.obj
 .time_critical.hw_endpoint_reset_transfer
                0x20000c28        0xc CMakeFiles/temperatura_rp2040.dir/C_/Users/amcre/.pico-sdk/sdk/2.1.1/lib/tinyusb/src/portable/raspberrypi/rp2040/rp2040_usb.c.obj
                0x20000c28                hw_endpoint_reset_transfer
 .time_critical._hw_endpoint_buffer_control_update32
                0x20000c34       0x50 CMakeFiles/temperatura_rp2040.dir/C_/Users/amcre/.pico-sdk/sdk/2.1.1/lib/tinyusb/src/portable/raspberrypi/rp2040/rp2040_usb.c.obj
                0x20000c34                _hw_endpoint_buffer_control_update32
 .time_critical.hw_endpoint_start_next_buffer
                0x20000c84       0x68 CMakeFiles/temperatura_rp2040.dir/C_/Users/amcre/.pico-sdk/sdk/2.1.1/lib/tinyusb/src/portable/raspberrypi/rp2040/rp2040_usb.c.obj
                0x20000c84                hw_endpoint_start_next_buffer
 .time_critical.hw_endpoint_xfer_continue
                0x20000cec       0x40 CMakeFiles/temperatura_rp2040.dir/C_/Users/amcre/.pico-sdk/sdk/2.1.1/lib/tinyusb/src/portable/raspberrypi/rp2040/rp2040_usb.c.obj
                0x20000cec                hw_endpoint_xfer_continue
 .time_critical.tinyusb
                0x20000d2c      0x1e4 CMakeFiles/temperatura_rp2040.dir/C_/Users/amcre/.pico-sdk/sdk/2.1.1/lib/tinyusb/src/device/usbd.c.obj
                0x20000d2c                dcd_event_handler
 *(.text*)
 .text          0x20000f10        0x4 C:/Users/amcre/.pico-sdk/toolchain/14_2_Rel1/bin/../lib/gcc/arm-none-eabi/14.2.1/thumb/v6-m/nofp\libgcc.a(_dvmd_tls.o)
                0x20000f10                __aeabi_idiv0
                0x20000f10                __aeabi_ldiv0
 *fill*         0x20000f14        0x4 
 .text.__stub   0x20000f18       0x80 linker stubs
                0x20000f98                        . = ALIGN (0x4)
 *(.rodata*)
                0x20000f98                        . = ALIGN (0x4)
 *(.data*)
 .data.striped_spin_lock_num
                0x20000f98        0x1 CMakeFiles/temperatura_rp2040.dir/C_/Users/amcre/.pico-sdk/sdk/2.1.1/src/rp2_common/hardware_sync/sync.c.obj
 *fill*         0x20000f99        0x3 
 .data          0x20000f9c       0x48 CMakeFiles/temperatura_rp2040.dir/C_/Users/amcre/.pico-sdk/sdk/2.1.1/src/rp2_common/hardware_irq/irq_handler_chain.S.obj
                0x20000f9c                irq_handler_chain_slots
                0x20000fcc                irq_handler_chain_first_slot
                0x20000fd6                irq_handler_chain_remove_tail
 .data.default_alarm_pool
                0x20000fe4       0x18 CMakeFiles/temperatura_rp2040.dir/C_/Users/amcre/.pico-sdk/sdk/2.1.1/src/common/pico_time/time.c.obj
 *fill*         0x20000ffc        0x4 
 .data.aeabi_bits_funcs
                0x20001000       0x10 CMakeFiles/temperatura_rp2040.dir/C_/Users/amcre/.pico-sdk/sdk/2.1.1/src/rp2_common/pico_bit_ops/bit_ops_aeabi.S.obj
                0x20001000                aeabi_bits_funcs
                0x20001010                aeabi_bits_funcs_end
 .data.aeabi_mem_funcs
                0x20001010       0x10 CMakeFiles/temperatura_rp2040.dir/C_/Users/amcre/.pico-sdk/sdk/2.1.1/src/rp2_common/pico_mem_ops/mem_ops_aeabi.S.obj
                0x20001010                aeabi_mem_funcs
                0x20001020                aeabi_mem_funcs_end
 .data.stdio_usb
                0x20001020       0x18 CMakeFiles/temperatura_rp2040.dir/C_/Users/amcre/.pico-sdk/sdk/2.1.1/src/rp2_common/pico_stdio_usb/stdio_usb.c.obj
                0x20001020                stdio_usb
 .data._usbd_qdef
                0x20001038       0x1c CMakeFiles/temperatura_rp2040.dir/C_/Users/amcre/.pico-sdk/sdk/2.1.1/lib/tinyusb/src/device/usbd.c.obj
                0x20001038                _usbd_qdef
 .data._usbd_rhport
                0x20001054        0x1 CMakeFiles/temperatura_rp2040.dir/C_/Users/amcre/.pico-sdk/sdk/2.1.1/lib/tinyusb/src/device/usbd.c.obj
                0x20001058                        . = ALIGN (0x4)
 *fill*         0x20001055        0x3 
 *(.after_data.*)
                0x20001058                        . = ALIGN (0x4)
                0x20001058                        PROVIDE (__mutex_array_start = .)
 *(SORT_BY_NAME(.mutex_array.*))
 *(.mutex_array)
 .mutex_array   0x20001058        0x8 CMakeFiles/temperatura_rp2040.dir/C_/Users/amcre/.pico-sdk/sdk/2.1.1/src/rp2_common/pico_stdio/stdio.c.obj
                0x20001060                        PROVIDE (__mutex_array_end = .)
                0x20001060                        . = ALIGN (0x4)
 *(.jcr)
                0x20001060                        . = ALIGN (0x4)

.tm_clone_table
                0x20001060        0x0 load address 0x10007c9c
 .tm_clone_table
                0x20001060        0x0 C:/Users/amcre/.pico-sdk/toolchain/14_2_Rel1/bin/../lib/gcc/arm-none-eabi/14.2.1/thumb/v6-m/nofp/crtbegin.o
 .tm_clone_table
                0x20001060        0x0 C:/Users/amcre/.pico-sdk/toolchain/14_2_Rel1/bin/../lib/gcc/arm-none-eabi/14.2.1/thumb/v6-m/nofp/crtend.o

.igot.plt       0x20001060        0x0 load address 0x10007c9c
 .igot.plt      0x20001060        0x0 C:/Users/amcre/.pico-sdk/toolchain/14_2_Rel1/bin/../lib/gcc/arm-none-eabi/14.2.1/thumb/v6-m/nofp/crtbegin.o

.tdata          0x20001060        0x0 load address 0x10007c9c
                0x20001060                        . = ALIGN (0x4)
 *(.tdata .tdata.* .gnu.linkonce.td.*)
                0x20001060                        __tdata_end = .
                0x20001060                        PROVIDE (__data_end__ = .)
                0x10006cfc                        __etext = LOADADDR (.data)

.tbss           0x20001060        0x0 load address 0x10007c9c
                0x20001060                        . = ALIGN (0x4)
                0x20001060                        __bss_start__ = .
                0x20001060                        __tls_base = .
 *(.tbss .tbss.* .gnu.linkonce.tb.*)
 *(.tcommon)
                0x20001060                        __tls_end = .

.bss            0x20001060      0xefc load address 0x10007c9c
                0x20001060                        . = ALIGN (0x4)
                0x20001060                        __tbss_end = .
 *(SORT_BY_ALIGNMENT(SORT_BY_NAME(.bss*)))
 .bss.default_alarm_pool_entries
                0x20001060      0x180 CMakeFiles/temperatura_rp2040.dir/C_/Users/amcre/.pico-sdk/sdk/2.1.1/src/common/pico_time/time.c.obj
 .bss.last_avail_time.1
                0x200011e0        0x8 CMakeFiles/temperatura_rp2040.dir/C_/Users/amcre/.pico-sdk/sdk/2.1.1/src/rp2_common/pico_stdio_usb/stdio_usb.c.obj
 .bss.sd_table  0x200011e8      0x100 CMakeFiles/temperatura_rp2040.dir/C_/Users/amcre/.pico-sdk/sdk/2.1.1/src/rp2_common/pico_double/double_init_rom_rp2040.c.obj
                0x200011e8                sd_table
 .bss._app_driver
                0x200012e8        0x4 CMakeFiles/temperatura_rp2040.dir/C_/Users/amcre/.pico-sdk/sdk/2.1.1/lib/tinyusb/src/device/usbd.c.obj
 .bss._cdcd_epbuf
                0x200012ec       0x80 CMakeFiles/temperatura_rp2040.dir/C_/Users/amcre/.pico-sdk/sdk/2.1.1/lib/tinyusb/src/class/cdc/cdc_device.c.obj
 .bss._cdcd_fifo_cfg
                0x2000136c        0x1 CMakeFiles/temperatura_rp2040.dir/C_/Users/amcre/.pico-sdk/sdk/2.1.1/lib/tinyusb/src/class/cdc/cdc_device.c.obj
 *fill*         0x2000136d        0x3 
 .bss._cdcd_itf
                0x20001370       0xc8 CMakeFiles/temperatura_rp2040.dir/C_/Users/amcre/.pico-sdk/sdk/2.1.1/lib/tinyusb/src/class/cdc/cdc_device.c.obj
 .bss._ctrl_epbuf
                0x20001438       0x40 CMakeFiles/temperatura_rp2040.dir/C_/Users/amcre/.pico-sdk/sdk/2.1.1/lib/tinyusb/src/device/usbd_control.c.obj
 .bss._ctrl_xfer
                0x20001478       0x14 CMakeFiles/temperatura_rp2040.dir/C_/Users/amcre/.pico-sdk/sdk/2.1.1/lib/tinyusb/src/device/usbd_control.c.obj
 .bss._tusb_rhport_role
                0x2000148c        0x2 CMakeFiles/temperatura_rp2040.dir/C_/Users/amcre/.pico-sdk/sdk/2.1.1/lib/tinyusb/src/tusb.c.obj
                0x2000148c                _tusb_rhport_role
 *fill*         0x2000148e        0x2 
 .bss._ubsd_mutexdef
                0x20001490        0x8 CMakeFiles/temperatura_rp2040.dir/C_/Users/amcre/.pico-sdk/sdk/2.1.1/lib/tinyusb/src/device/usbd.c.obj
 .bss._usbd_dev
                0x20001498       0x54 CMakeFiles/temperatura_rp2040.dir/C_/Users/amcre/.pico-sdk/sdk/2.1.1/lib/tinyusb/src/device/usbd.c.obj
 .bss._usbd_mutex
                0x200014ec        0x4 CMakeFiles/temperatura_rp2040.dir/C_/Users/amcre/.pico-sdk/sdk/2.1.1/lib/tinyusb/src/device/usbd.c.obj
 .bss._usbd_q   0x200014f0        0x4 CMakeFiles/temperatura_rp2040.dir/C_/Users/amcre/.pico-sdk/sdk/2.1.1/lib/tinyusb/src/device/usbd.c.obj
 .bss._usbd_qdef_buf
                0x200014f4       0xc0 CMakeFiles/temperatura_rp2040.dir/C_/Users/amcre/.pico-sdk/sdk/2.1.1/lib/tinyusb/src/device/usbd.c.obj
                0x200014f4                _usbd_qdef_buf
 .bss._vendord_epbuf
                0x200015b4       0x80 CMakeFiles/temperatura_rp2040.dir/C_/Users/amcre/.pico-sdk/sdk/2.1.1/lib/tinyusb/src/class/vendor/vendor_device.c.obj
 .bss._vendord_itf
                0x20001634      0x24c CMakeFiles/temperatura_rp2040.dir/C_/Users/amcre/.pico-sdk/sdk/2.1.1/lib/tinyusb/src/class/vendor/vendor_device.c.obj
 .bss.boot2_copyout
                0x20001880      0x100 CMakeFiles/temperatura_rp2040.dir/C_/Users/amcre/.pico-sdk/sdk/2.1.1/src/rp2_common/hardware_flash/flash.c.obj
 .bss.chars_available_callback
                0x20001980        0x4 CMakeFiles/temperatura_rp2040.dir/C_/Users/amcre/.pico-sdk/sdk/2.1.1/src/rp2_common/pico_stdio_usb/stdio_usb.c.obj
 .bss.chars_available_param
                0x20001984        0x4 CMakeFiles/temperatura_rp2040.dir/C_/Users/amcre/.pico-sdk/sdk/2.1.1/src/rp2_common/pico_stdio_usb/stdio_usb.c.obj
 .bss.claimed   0x20001988        0x4 CMakeFiles/temperatura_rp2040.dir/C_/Users/amcre/.pico-sdk/sdk/2.1.1/src/rp2_common/hardware_sync/sync.c.obj
 .bss.claimed   0x2000198c        0x1 CMakeFiles/temperatura_rp2040.dir/C_/Users/amcre/.pico-sdk/sdk/2.1.1/src/rp2_common/hardware_timer/timer.c.obj
 *fill*         0x2000198d        0x3 
 .bss.configured_freq
                0x20001990       0x28 CMakeFiles/temperatura_rp2040.dir/C_/Users/amcre/.pico-sdk/sdk/2.1.1/src/rp2_common/hardware_clocks/clocks.c.obj
 .bss.desc_str.0
                0x200019b8       0x28 CMakeFiles/temperatura_rp2040.dir/C_/Users/amcre/.pico-sdk/sdk/2.1.1/src/rp2_common/pico_stdio_usb/stdio_usb_descriptors.c.obj
 .bss.drivers   0x200019e0        0x4 CMakeFiles/temperatura_rp2040.dir/C_/Users/amcre/.pico-sdk/sdk/2.1.1/src/rp2_common/pico_stdio/stdio.c.obj
 .bss.e15_last_sof
                0x200019e4        0x4 CMakeFiles/temperatura_rp2040.dir/C_/Users/amcre/.pico-sdk/sdk/2.1.1/lib/tinyusb/src/portable/raspberrypi/rp2040/rp2040_usb.c.obj
                0x200019e4                e15_last_sof
 .bss.filter    0x200019e8        0x4 CMakeFiles/temperatura_rp2040.dir/C_/Users/amcre/.pico-sdk/sdk/2.1.1/src/rp2_common/pico_stdio/stdio.c.obj
 .bss.hw_endpoints
                0x200019ec      0x400 CMakeFiles/temperatura_rp2040.dir/C_/Users/amcre/.pico-sdk/sdk/2.1.1/lib/tinyusb/src/portable/raspberrypi/rp2040/dcd_rp2040.c.obj
 .bss.lazy_vsnprintf
                0x20001dec        0x4 CMakeFiles/temperatura_rp2040.dir/C_/Users/amcre/.pico-sdk/sdk/2.1.1/src/rp2_common/pico_printf/printf.c.obj
 .bss.load_value
                0x20001df0        0x4 CMakeFiles/temperatura_rp2040.dir/C_/Users/amcre/.pico-sdk/sdk/2.1.1/src/rp2_common/hardware_watchdog/watchdog.c.obj
 .bss.next_buffer_ptr
                0x20001df4        0x4 CMakeFiles/temperatura_rp2040.dir/C_/Users/amcre/.pico-sdk/sdk/2.1.1/lib/tinyusb/src/portable/raspberrypi/rp2040/dcd_rp2040.c.obj
 .bss.object.0  0x20001df8       0x18 C:/Users/amcre/.pico-sdk/toolchain/14_2_Rel1/bin/../lib/gcc/arm-none-eabi/14.2.1/thumb/v6-m/nofp/crtbegin.o
 .bss.one_shot_timer_crit_sec
                0x20001e10        0x8 CMakeFiles/temperatura_rp2040.dir/C_/Users/amcre/.pico-sdk/sdk/2.1.1/src/rp2_common/pico_stdio_usb/stdio_usb.c.obj
 .bss.pools     0x20001e18       0x10 CMakeFiles/temperatura_rp2040.dir/C_/Users/amcre/.pico-sdk/sdk/2.1.1/src/common/pico_time/time.c.obj
 .bss.retrieved_id
                0x20001e28        0x8 CMakeFiles/temperatura_rp2040.dir/C_/Users/amcre/.pico-sdk/sdk/2.1.1/src/rp2_common/pico_unique_id/unique_id.c.obj
 .bss.sf_clz_func
                0x20001e30        0x4 CMakeFiles/temperatura_rp2040.dir/C_/Users/amcre/.pico-sdk/sdk/2.1.1/src/rp2_common/pico_double/double_init_rom_rp2040.c.obj
                0x20001e30                sf_clz_func
 .bss.sf_table  0x20001e34      0x100 CMakeFiles/temperatura_rp2040.dir/C_/Users/amcre/.pico-sdk/sdk/2.1.1/src/rp2_common/pico_float/float_init_rom_rp2040.c.obj
                0x20001e34                sf_table
 .bss.sleep_notifier
                0x20001f34        0x4 CMakeFiles/temperatura_rp2040.dir/C_/Users/amcre/.pico-sdk/sdk/2.1.1/src/common/pico_time/time.c.obj
 .bss.stdio_usb_mutex
                0x20001f38        0x8 CMakeFiles/temperatura_rp2040.dir/C_/Users/amcre/.pico-sdk/sdk/2.1.1/src/rp2_common/pico_stdio_usb/stdio_usb.c.obj
 .bss.usbd_serial_str
                0x20001f40       0x11 CMakeFiles/temperatura_rp2040.dir/C_/Users/amcre/.pico-sdk/sdk/2.1.1/src/rp2_common/pico_stdio_usb/stdio_usb_descriptors.c.obj
 .bss._app_driver_count
                0x20001f51        0x1 CMakeFiles/temperatura_rp2040.dir/C_/Users/amcre/.pico-sdk/sdk/2.1.1/lib/tinyusb/src/device/usbd.c.obj
 .bss._sof_enable
                0x20001f52        0x1 CMakeFiles/temperatura_rp2040.dir/C_/Users/amcre/.pico-sdk/sdk/2.1.1/lib/tinyusb/src/portable/raspberrypi/rp2040/dcd_rp2040.c.obj
 .bss._usbd_queued_setup
                0x20001f53        0x1 CMakeFiles/temperatura_rp2040.dir/C_/Users/amcre/.pico-sdk/sdk/2.1.1/lib/tinyusb/src/device/usbd.c.obj
 .bss.boot2_copyout_valid
                0x20001f54        0x1 CMakeFiles/temperatura_rp2040.dir/C_/Users/amcre/.pico-sdk/sdk/2.1.1/src/rp2_common/hardware_flash/flash.c.obj
 .bss.irq_handler_chain_free_slot_head
                0x20001f55        0x1 CMakeFiles/temperatura_rp2040.dir/C_/Users/amcre/.pico-sdk/sdk/2.1.1/src/rp2_common/hardware_irq/irq.c.obj
 .bss.itf_num   0x20001f56        0x1 CMakeFiles/temperatura_rp2040.dir/C_/Users/amcre/.pico-sdk/sdk/2.1.1/src/rp2_common/pico_stdio_usb/reset_interface.c.obj
 .bss.low_priority_irq_num
                0x20001f57        0x1 CMakeFiles/temperatura_rp2040.dir/C_/Users/amcre/.pico-sdk/sdk/2.1.1/src/rp2_common/pico_stdio_usb/stdio_usb.c.obj
 .bss.one_shot_timer_pending
                0x20001f58        0x1 CMakeFiles/temperatura_rp2040.dir/C_/Users/amcre/.pico-sdk/sdk/2.1.1/src/rp2_common/pico_stdio_usb/stdio_usb.c.obj
 .bss.user_irq_claimed
                0x20001f59        0x1 CMakeFiles/temperatura_rp2040.dir/C_/Users/amcre/.pico-sdk/sdk/2.1.1/src/rp2_common/hardware_irq/irq.c.obj
 *(COMMON)
                0x20001f5c                        . = ALIGN (0x4)
 *fill*         0x20001f5a        0x2 
                0x20001f5c                        __bss_end__ = .

.heap           0x20001f5c      0x800 load address 0x10007c9c
                0x20001f5c                        __end__ = .
                0x20001f5c                        end = __end__
 *(.heap*)
 .heap          0x20001f5c      0x800 CMakeFiles/temperatura_rp2040.dir/C_/Users/amcre/.pico-sdk/sdk/2.1.1/src/rp2_common/pico_crt0/crt0.S.obj
                0x20040000                        __HeapLimit = (ORIGIN (RAM) + LENGTH (RAM))

.scratch_x      0x20040000        0x0 load address 0x10007c9c
                0x20040000                        __scratch_x_start__ = .
 *(.scratch_x.*)
                0x20040000                        . = ALIGN (0x4)
                0x20040000                        __scratch_x_end__ = .
                0x10007c9c                        __scratch_x_source__ = LOADADDR (.scratch_x)

.scratch_y      0x20041000        0x0 load address 0x10007c9c
                0x20041000                        __scratch_y_start__ = .
 *(.scratch_y.*)
                0x20041000                        . = ALIGN (0x4)
                0x20041000                        __scratch_y_end__ = .
                0x10007c9c                        __scratch_y_source__ = LOADADDR (.scratch_y)

.stack1_dummy
 *(.stack1*)

.stack_dummy    0x20041000      0x800
 *(.stack*)
 .stack         0x20041000      0x800 CMakeFiles/temperatura_rp2040.dir/C_/Users/amcre/.pico-sdk/sdk/2.1.1/src/rp2_common/pico_crt0/crt0.S.obj

.flash_end      0x10007c9c        0x0
 *(.embedded_end_block*)
                0x10007c9c                        PROVIDE (__flash_binary_end = .)
                0x20040000                        __StackLimit = (ORIGIN (RAM) + LENGTH (RAM))
                0x20041000                        __StackOneTop = (ORIGIN (SCRATCH_X) + LENGTH (SCRATCH_X))
                0x20042000                        __StackTop = (ORIGIN (SCRATCH_Y) + LENGTH (SCRATCH_Y))
                0x20041000                        __StackOneBottom = (__StackOneTop - SIZEOF (.stack1_dummy))
                0x20041800                        __StackBottom = (__StackTop - SIZEOF (.stack_dummy))
                0x20042000                        PROVIDE (__stack = __StackTop)
                [!provide]                        PROVIDE (__heap_start = __end__)
                [!provide]                        PROVIDE (__heap_end = __HeapLimit)
                [!provide]                        PROVIDE (__tls_align = MAX (ALIGNOF (.tdata), ALIGNOF (.tbss)))
                [!provide]                        PROVIDE (__tls_size_align = (((__tls_size + __tls_align) - 0x1) & ~ ((__tls_align - 0x1))))
                [!provide]                        PROVIDE (__arm32_tls_tcb_offset = MAX (0x8, __tls_align))
                [!provide]                        PROVIDE (_end = __end__)
                [!provide]                        PROVIDE (__llvm_libc_heap_limit = __HeapLimit)
                0x00000001                        ASSERT ((__StackLimit >= __HeapLimit), region RAM overflowed)
                0x00000001                        ASSERT (((__binary_info_header_end - __logical_binary_start) <= 0x100), Binary info must be in first 256 bytes of the binary)
LOAD CMakeFiles/temperatura_rp2040.dir/main.c.obj
LOAD CMakeFiles/temperatura_rp2040.dir/C_/Users/amcre/.pico-sdk/sdk/2.1.1/src/rp2_common/pico_stdlib/stdlib.c.obj
LOAD CMakeFiles/temperatura_rp2040.dir/C_/Users/amcre/.pico-sdk/sdk/2.1.1/src/rp2_common/hardware_gpio/gpio.c.obj
LOAD CMakeFiles/temperatura_rp2040.dir/C_/Users/amcre/.pico-sdk/sdk/2.1.1/src/rp2040/pico_platform/platform.c.obj
LOAD CMakeFiles/temperatura_rp2040.dir/C_/Users/amcre/.pico-sdk/sdk/2.1.1/src/rp2_common/pico_platform_panic/panic.c.obj
LOAD CMakeFiles/temperatura_rp2040.dir/C_/Users/amcre/.pico-sdk/sdk/2.1.1/src/common/hardware_claim/claim.c.obj
LOAD CMakeFiles/temperatura_rp2040.dir/C_/Users/amcre/.pico-sdk/sdk/2.1.1/src/rp2_common/hardware_sync/sync.c.obj
LOAD CMakeFiles/temperatura_rp2040.dir/C_/Users/amcre/.pico-sdk/sdk/2.1.1/src/rp2_common/hardware_sync_spin_lock/sync_spin_lock.c.obj
LOAD CMakeFiles/temperatura_rp2040.dir/C_/Users/amcre/.pico-sdk/sdk/2.1.1/src/rp2_common/hardware_irq/irq.c.obj
LOAD CMakeFiles/temperatura_rp2040.dir/C_/Users/amcre/.pico-sdk/sdk/2.1.1/src/rp2_common/hardware_irq/irq_handler_chain.S.obj
LOAD CMakeFiles/temperatura_rp2040.dir/C_/Users/amcre/.pico-sdk/sdk/2.1.1/src/common/pico_sync/sem.c.obj
LOAD CMakeFiles/temperatura_rp2040.dir/C_/Users/amcre/.pico-sdk/sdk/2.1.1/src/common/pico_sync/lock_core.c.obj
LOAD CMakeFiles/temperatura_rp2040.dir/C_/Users/amcre/.pico-sdk/sdk/2.1.1/src/common/pico_sync/mutex.c.obj
LOAD CMakeFiles/temperatura_rp2040.dir/C_/Users/amcre/.pico-sdk/sdk/2.1.1/src/common/pico_sync/critical_section.c.obj
LOAD CMakeFiles/temperatura_rp2040.dir/C_/Users/amcre/.pico-sdk/sdk/2.1.1/src/common/pico_time/time.c.obj
LOAD CMakeFiles/temperatura_rp2040.dir/C_/Users/amcre/.pico-sdk/sdk/2.1.1/src/common/pico_time/timeout_helper.c.obj
LOAD CMakeFiles/temperatura_rp2040.dir/C_/Users/amcre/.pico-sdk/sdk/2.1.1/src/rp2_common/hardware_timer/timer.c.obj
LOAD CMakeFiles/temperatura_rp2040.dir/C_/Users/amcre/.pico-sdk/sdk/2.1.1/src/common/pico_util/datetime.c.obj
LOAD CMakeFiles/temperatura_rp2040.dir/C_/Users/amcre/.pico-sdk/sdk/2.1.1/src/common/pico_util/pheap.c.obj
LOAD CMakeFiles/temperatura_rp2040.dir/C_/Users/amcre/.pico-sdk/sdk/2.1.1/src/common/pico_util/queue.c.obj
LOAD CMakeFiles/temperatura_rp2040.dir/C_/Users/amcre/.pico-sdk/sdk/2.1.1/src/rp2_common/hardware_uart/uart.c.obj
LOAD CMakeFiles/temperatura_rp2040.dir/C_/Users/amcre/.pico-sdk/sdk/2.1.1/src/rp2_common/hardware_clocks/clocks.c.obj
LOAD CMakeFiles/temperatura_rp2040.dir/C_/Users/amcre/.pico-sdk/sdk/2.1.1/src/rp2_common/hardware_pll/pll.c.obj
LOAD CMakeFiles/temperatura_rp2040.dir/C_/Users/amcre/.pico-sdk/sdk/2.1.1/src/rp2_common/hardware_vreg/vreg.c.obj
LOAD CMakeFiles/temperatura_rp2040.dir/C_/Users/amcre/.pico-sdk/sdk/2.1.1/src/rp2_common/hardware_watchdog/watchdog.c.obj
LOAD CMakeFiles/temperatura_rp2040.dir/C_/Users/amcre/.pico-sdk/sdk/2.1.1/src/rp2_common/hardware_ticks/ticks.c.obj
LOAD CMakeFiles/temperatura_rp2040.dir/C_/Users/amcre/.pico-sdk/sdk/2.1.1/src/rp2_common/pico_bootrom/bootrom.c.obj
LOAD CMakeFiles/temperatura_rp2040.dir/C_/Users/amcre/.pico-sdk/sdk/2.1.1/src/rp2_common/pico_bootrom/bootrom_lock.c.obj